/usr/include/c++/14.2.1/bits/stl_algobase.h:1040:3:constexpr long unsigned int std::__size_to_integer(long unsigned int)	16	static
/usr/include/c++/14.2.1/new:179:33:void* operator new(std::size_t, void*)	16	static
/usr/include/c++/14.2.1/bits/stl_algobase.h:233:5:constexpr const _Tp& std::min(const _Tp&, const _Tp&) [with _Tp = long unsigned int]	16	static
/usr/include/c++/14.2.1/bits/stl_bvector.h:88:5:std::_Bit_reference::_Bit_reference(std::_Bit_type*, std::_Bit_type)	16	static
/usr/include/c++/14.2.1/bits/stl_bvector.h:99:5:std::_Bit_reference::operator bool() const	16	static
/usr/include/c++/14.2.1/bits/stl_bvector.h:195:5:std::_Bit_iterator_base::_Bit_iterator_base(std::_Bit_type*, unsigned int)	16	static
/usr/include/c++/14.2.1/bits/stl_bvector.h:200:5:void std::_Bit_iterator_base::_M_bump_up()	16	static
/usr/include/c++/14.2.1/bits/stl_bvector.h:240:5:bool std::operator==(const _Bit_iterator_base&, const _Bit_iterator_base&)	16	static
/usr/include/c++/14.2.1/bits/stl_bvector.h:272:5:bool std::operator!=(const _Bit_iterator_base&, const _Bit_iterator_base&)	32	static
/usr/include/c++/14.2.1/bits/stl_bvector.h:316:5:std::_Bit_iterator::_Bit_iterator(std::_Bit_type*, unsigned int)	48	static
/usr/include/c++/14.2.1/bits/stl_bvector.h:326:5:std::_Bit_iterator::reference std::_Bit_iterator::operator*() const	80	static
/usr/include/c++/14.2.1/bits/stl_bvector.h:334:5:std::_Bit_iterator::iterator& std::_Bit_iterator::operator++()	32	static
/usr/include/c++/14.2.1/bits/stl_deque.h:96:3:constexpr std::size_t std::__deque_buf_size(size_t)	16	static
/home/wheatley/coding-python/csphn_lineup1.cpp:3:67:void __DEBUG_UTIL__::print(const char*)	32	static
/home/wheatley/coding-python/csphn_lineup1.cpp:3:128:void __DEBUG_UTIL__::print(bool)	32	static
/home/wheatley/coding-python/csphn_lineup1.cpp:3:182:void __DEBUG_UTIL__::print(char)	32	static
/home/wheatley/coding-python/csphn_lineup1.cpp:4:42:void __DEBUG_UTIL__::print(short int)	32	static
/home/wheatley/coding-python/csphn_lineup1.cpp:4:130:void __DEBUG_UTIL__::print(short unsigned int)	32	static
/home/wheatley/coding-python/csphn_lineup1.cpp:4:184:void __DEBUG_UTIL__::print(int)	32	static
/home/wheatley/coding-python/csphn_lineup1.cpp:5:8:void __DEBUG_UTIL__::print(unsigned int)	32	static
/home/wheatley/coding-python/csphn_lineup1.cpp:5:56:void __DEBUG_UTIL__::print(long int)	32	static
/home/wheatley/coding-python/csphn_lineup1.cpp:5:130:void __DEBUG_UTIL__::print(long unsigned int)	32	static
/home/wheatley/coding-python/csphn_lineup1.cpp:5:183:void __DEBUG_UTIL__::print(long long int)	32	static
/home/wheatley/coding-python/csphn_lineup1.cpp:6:26:void __DEBUG_UTIL__::print(long long unsigned int)	32	static
/home/wheatley/coding-python/csphn_lineup1.cpp:6:84:void __DEBUG_UTIL__::print(float)	32	static
/home/wheatley/coding-python/csphn_lineup1.cpp:6:148:void __DEBUG_UTIL__::print(double)	32	static
/home/wheatley/coding-python/csphn_lineup1.cpp:6:190:void __DEBUG_UTIL__::print(long double)	32	dynamic,bounded
/home/wheatley/coding-python/csphn_lineup1.cpp:7:26:void __DEBUG_UTIL__::print(std::string)	32	static
/home/wheatley/coding-python/csphn_lineup1.cpp:7:175:void __DEBUG_UTIL__::print(std::vector<bool>)	144	static
/home/wheatley/coding-python/csphn_lineup1.cpp:23:150:void __DEBUG_UTIL__::printer(const char*)	16	static
/home/wheatley/coding-python/csphn_lineup1.cpp:31:31:void __DEBUG_UTIL__::printerArr(const char*)	16	static
/usr/include/c++/14.2.1/bits/stl_stack.h:99:11:std::stack<int>::~stack()	32	static
/home/wheatley/coding-python/csphn_lineup1.cpp:97:5:int main()	320	static
/usr/include/c++/14.2.1/bits/stl_algobase.h:257:5:constexpr const _Tp& std::max(const _Tp&, const _Tp&) [with _Tp = long unsigned int]	16	static
/usr/include/c++/14.2.1/bits/stl_bvector.h:995:7:std::vector<bool, _Alloc>::iterator std::vector<bool, _Alloc>::begin() [with _Alloc = std::allocator<bool>]	128	static
/usr/include/c++/14.2.1/bits/stl_bvector.h:1005:7:std::vector<bool, _Alloc>::iterator std::vector<bool, _Alloc>::end() [with _Alloc = std::allocator<bool>]	32	static
/usr/include/c++/14.2.1/bits/stl_vector.h:556:7:std::vector<_Tp, _Alloc>::vector(size_type, const allocator_type&) [with _Tp = int; _Alloc = std::allocator<int>]	64	static
/usr/include/c++/14.2.1/bits/stl_vector.h:733:7:std::vector<_Tp, _Alloc>::~vector() [with _Tp = int; _Alloc = std::allocator<int>]	64	static
/usr/include/c++/14.2.1/bits/stl_vector.h:1128:7:std::vector<_Tp, _Alloc>::reference std::vector<_Tp, _Alloc>::operator[](size_type) [with _Tp = int; _Alloc = std::allocator<int>]	16	static
/usr/include/c++/14.2.1/bits/stl_vector.h:569:7:std::vector<_Tp, _Alloc>::vector(size_type, const value_type&, const allocator_type&) [with _Tp = int; _Alloc = std::allocator<int>]	64	static
/usr/include/c++/14.2.1/bits/stl_deque.h:855:7:std::deque<_Tp, _Alloc>::deque() [with _Tp = int; _Alloc = std::allocator<int>]	32	static
/usr/include/c++/14.2.1/bits/stl_stack.h:162:2:std::stack<_Tp, _Sequence>::stack() [with _Seq = std::deque<int, std::allocator<int> >; _Requires = void; _Tp = int; _Sequence = std::deque<int, std::allocator<int> >]	32	static
/usr/include/c++/14.2.1/bits/stl_deque.h:1027:7:std::deque<_Tp, _Alloc>::~deque() [with _Tp = int; _Alloc = std::allocator<int>]	128	static
/usr/include/c++/14.2.1/bits/stl_stack.h:215:7:bool std::stack<_Tp, _Sequence>::empty() const [with _Tp = int; _Sequence = std::deque<int, std::allocator<int> >]	32	static
/usr/include/c++/14.2.1/bits/stl_stack.h:230:7:std::stack<_Tp, _Sequence>::reference std::stack<_Tp, _Sequence>::top() [with _Tp = int; _Sequence = std::deque<int, std::allocator<int> >]	32	static
/usr/include/c++/14.2.1/bits/stl_stack.h:291:7:void std::stack<_Tp, _Sequence>::pop() [with _Tp = int; _Sequence = std::deque<int, std::allocator<int> >]	32	static
/usr/include/c++/14.2.1/bits/stl_stack.h:258:7:void std::stack<_Tp, _Sequence>::push(const value_type&) [with _Tp = int; _Sequence = std::deque<int, std::allocator<int> >]	32	static
/usr/include/c++/14.2.1/bits/new_allocator.h:104:7:std::__new_allocator<_Tp>::~__new_allocator() [with _Tp = int]	16	static
/usr/include/c++/14.2.1/bits/stl_vector.h:1917:7:static std::vector<_Tp, _Alloc>::size_type std::vector<_Tp, _Alloc>::_S_check_init_len(size_type, const allocator_type&) [with _Tp = int; _Alloc = std::allocator<int>]	96	static
/usr/include/c++/14.2.1/bits/stl_vector.h:132:14:std::_Vector_base<int, std::allocator<int> >::_Vector_impl::~_Vector_impl()	48	static
/usr/include/c++/14.2.1/bits/stl_vector.h:332:7:std::_Vector_base<_Tp, _Alloc>::_Vector_base(std::size_t, const allocator_type&) [with _Tp = int; _Alloc = std::allocator<int>]	64	static
/usr/include/c++/14.2.1/bits/stl_vector.h:366:7:std::_Vector_base<_Tp, _Alloc>::~_Vector_base() [with _Tp = int; _Alloc = std::allocator<int>]	32	static
/usr/include/c++/14.2.1/bits/stl_vector.h:1717:7:void std::vector<_Tp, _Alloc>::_M_default_initialize(size_type) [with _Tp = int; _Alloc = std::allocator<int>]	32	static
/usr/include/c++/14.2.1/bits/stl_vector.h:300:7:std::_Vector_base<_Tp, _Alloc>::_Tp_alloc_type& std::_Vector_base<_Tp, _Alloc>::_M_get_Tp_allocator() [with _Tp = int; _Alloc = std::allocator<int>]	16	static
/usr/include/c++/14.2.1/bits/stl_vector.h:1706:7:void std::vector<_Tp, _Alloc>::_M_fill_initialize(size_type, const value_type&) [with _Tp = int; _Alloc = std::allocator<int>]	48	static
/usr/include/c++/14.2.1/bits/stl_deque.h:542:14:std::_Deque_base<int, std::allocator<int> >::_Deque_impl::~_Deque_impl()	48	static
/usr/include/c++/14.2.1/bits/stl_deque.h:458:7:std::_Deque_base<_Tp, _Alloc>::_Deque_base() [with _Tp = int; _Alloc = std::allocator<int>]	48	static
/usr/include/c++/14.2.1/bits/stl_deque.h:617:5:std::_Deque_base<_Tp, _Alloc>::~_Deque_base() [with _Tp = int; _Alloc = std::allocator<int>]	32	static
/usr/include/c++/14.2.1/bits/stl_deque.h:1151:7:std::deque<_Tp, _Alloc>::iterator std::deque<_Tp, _Alloc>::begin() [with _Tp = int; _Alloc = std::allocator<int>]	32	static
/usr/include/c++/14.2.1/bits/stl_deque.h:1170:7:std::deque<_Tp, _Alloc>::iterator std::deque<_Tp, _Alloc>::end() [with _Tp = int; _Alloc = std::allocator<int>]	32	static
/usr/include/c++/14.2.1/bits/stl_deque.h:568:7:std::_Deque_base<_Tp, _Alloc>::_Tp_alloc_type& std::_Deque_base<_Tp, _Alloc>::_M_get_Tp_allocator() [with _Tp = int; _Alloc = std::allocator<int>]	16	static
/usr/include/c++/14.2.1/bits/stl_deque.h:2087:7:void std::deque<_Tp, _Alloc>::_M_destroy_data(iterator, iterator, const std::allocator<_CharT>&) [with _Tp = int; _Alloc = std::allocator<int>]	96	static
/usr/include/c++/14.2.1/bits/stl_deque.h:1347:7:bool std::deque<_Tp, _Alloc>::empty() const [with _Tp = int; _Alloc = std::allocator<int>]	32	static
/usr/include/c++/14.2.1/bits/stl_deque.h:1468:7:std::deque<_Tp, _Alloc>::reference std::deque<_Tp, _Alloc>::back() [with _Tp = int; _Alloc = std::allocator<int>]	80	static
/usr/include/c++/14.2.1/bits/stl_deque.h:1597:7:void std::deque<_Tp, _Alloc>::pop_back() [with _Tp = int; _Alloc = std::allocator<int>]	80	static
/usr/include/c++/14.2.1/bits/stl_deque.h:1538:7:void std::deque<_Tp, _Alloc>::push_back(const value_type&) [with _Tp = int; _Alloc = std::allocator<int>]	96	static
/usr/include/c++/14.2.1/bits/stl_vector.h:1926:7:static std::vector<_Tp, _Alloc>::size_type std::vector<_Tp, _Alloc>::_S_max_size(const _Tp_alloc_type&) [with _Tp = int; _Alloc = std::allocator<int>]	80	static
/usr/include/c++/14.2.1/bits/stl_vector.h:145:2:std::_Vector_base<_Tp, _Alloc>::_Vector_impl::_Vector_impl(const std::_Vector_base<_Tp, _Alloc>::_Tp_alloc_type&) [with _Tp = int; _Alloc = std::allocator<int>]	64	static
/usr/include/c++/14.2.1/bits/stl_vector.h:396:7:void std::_Vector_base<_Tp, _Alloc>::_M_create_storage(std::size_t) [with _Tp = int; _Alloc = std::allocator<int>]	32	static
/usr/include/c++/14.2.1/bits/stl_vector.h:385:7:void std::_Vector_base<_Tp, _Alloc>::_M_deallocate(pointer, std::size_t) [with _Tp = int; _Alloc = std::allocator<int>]	80	static
/usr/include/c++/14.2.1/bits/stl_uninitialized.h:777:5:_ForwardIterator std::__uninitialized_default_n_a(_ForwardIterator, _Size, allocator<_Tp>&) [with _ForwardIterator = int*; _Size = long unsigned int; _Tp = int]	48	static
/usr/include/c++/14.2.1/bits/stl_construct.h:182:5:void std::_Destroy(_ForwardIterator, _ForwardIterator) [with _ForwardIterator = int*]	32	static
/usr/include/c++/14.2.1/bits/stl_uninitialized.h:465:5:_ForwardIterator std::__uninitialized_fill_n_a(_ForwardIterator, _Size, const _Tp&, allocator<_Tp2>&) [with _ForwardIterator = int*; _Size = long unsigned int; _Tp = int; _Tp2 = int]	48	static
/usr/include/c++/14.2.1/bits/stl_deque.h:545:2:std::_Deque_base<_Tp, _Alloc>::_Deque_impl::_Deque_impl() [with _Tp = int; _Alloc = std::allocator<int>]	48	static
/usr/include/c++/14.2.1/bits/stl_deque.h:638:5:void std::_Deque_base<_Tp, _Alloc>::_M_initialize_map(std::size_t) [with _Tp = int; _Alloc = std::allocator<int>]	96	static
/usr/include/c++/14.2.1/bits/stl_deque.h:695:5:void std::_Deque_base<_Tp, _Alloc>::_M_destroy_nodes(_Map_pointer, _Map_pointer) [with _Tp = int; _Alloc = std::allocator<int>]	64	static
/usr/include/c++/14.2.1/bits/stl_deque.h:601:7:void std::_Deque_base<_Tp, _Alloc>::_M_deallocate_map(_Map_pointer, std::size_t) [with _Tp = int; _Alloc = std::allocator<int>]	80	static
/usr/include/c++/14.2.1/bits/stl_deque.h:168:7:std::_Deque_iterator<_Tp, _Ref, _Ptr>::_Deque_iterator(const std::_Deque_iterator<_Tp, _Ref, _Ptr>&) [with _Tp = int; _Ref = int&; _Ptr = int*]	16	static
/usr/include/c++/14.2.1/bits/stl_deque.h:272:7:bool std::operator==(const _Deque_iterator<int, int&, int*>::_Self&, const _Deque_iterator<int, int&, int*>::_Self&)	16	static
/usr/include/c++/14.2.1/bits/stl_deque.h:210:7:std::_Deque_iterator<_Tp, _Ref, _Ptr>::_Self& std::_Deque_iterator<_Tp, _Ref, _Ptr>::operator--() [with _Tp = int; _Ref = int&; _Ptr = int*]	32	static
/usr/include/c++/14.2.1/bits/stl_deque.h:181:7:std::_Deque_iterator<_Tp, _Ref, _Ptr>::reference std::_Deque_iterator<_Tp, _Ref, _Ptr>::operator*() const [with _Tp = int; _Ref = int&; _Ptr = int*]	16	static
/usr/include/c++/14.2.1/bits/deque.tcc:560:10:void std::deque<_Tp, _Alloc>::_M_pop_back_aux() [with _Tp = int; _Alloc = std::allocator<int>]	80	static
/usr/include/c++/14.2.1/bits/deque.tcc:484:7:) [with _Args = {const int&}; _Tp = int; _Alloc = std::allocator<int>]	96	static
/usr/include/c++/14.2.1/bits/stl_vector.h:98:2:std::_Vector_base<_Tp, _Alloc>::_Vector_impl_data::_Vector_impl_data() [with _Tp = int; _Alloc = std::allocator<int>]	16	static
/usr/include/c++/14.2.1/bits/stl_vector.h:377:7:std::_Vector_base<_Tp, _Alloc>::pointer std::_Vector_base<_Tp, _Alloc>::_M_allocate(std::size_t) [with _Tp = int; _Alloc = std::allocator<int>]	48	static
/usr/include/c++/14.2.1/bits/stl_uninitialized.h:696:5:_ForwardIterator std::__uninitialized_default_n(_ForwardIterator, _Size) [with _ForwardIterator = int*; _Size = long unsigned int]	48	static
/usr/include/c++/14.2.1/bits/stl_construct.h:172:9:static void std::_Destroy_aux<true>::__destroy(_ForwardIterator, _ForwardIterator) [with _ForwardIterator = int*]	16	static
/usr/include/c++/14.2.1/bits/stl_uninitialized.h:312:5:_ForwardIterator std::uninitialized_fill_n(_ForwardIterator, _Size, const _Tp&) [with _ForwardIterator = int*; _Size = long unsigned int; _Tp = int]	64	static
/usr/include/c++/14.2.1/bits/stl_deque.h:516:2:std::_Deque_base<_Tp, _Alloc>::_Deque_impl_data::_Deque_impl_data() [with _Tp = int; _Alloc = std::allocator<int>]	32	static
/usr/include/c++/14.2.1/bits/stl_deque.h:594:7:std::_Deque_base<_Tp, _Alloc>::_Map_pointer std::_Deque_base<_Tp, _Alloc>::_M_allocate_map(std::size_t) [with _Tp = int; _Alloc = std::allocator<int>]	80	static
/usr/include/c++/14.2.1/bits/stl_deque.h:677:5:void std::_Deque_base<_Tp, _Alloc>::_M_create_nodes(_Map_pointer, _Map_pointer) [with _Tp = int; _Alloc = std::allocator<int>]	80	static
/usr/include/c++/14.2.1/bits/stl_deque.h:263:7:void std::_Deque_iterator<_Tp, _Ref, _Ptr>::_M_set_node(_Map_pointer) [with _Tp = int; _Ref = int&; _Ptr = int*]	48	static
/usr/include/c++/14.2.1/bits/stl_deque.h:587:7:void std::_Deque_base<_Tp, _Alloc>::_M_deallocate_node(_Ptr) [with _Tp = int; _Alloc = std::allocator<int>]	64	static
/usr/include/c++/14.2.1/bits/stl_deque.h:576:7:std::_Deque_base<_Tp, _Alloc>::_Map_alloc_type std::_Deque_base<_Tp, _Alloc>::_M_get_map_allocator() const [with _Tp = int; _Alloc = std::allocator<int>]	64	static
/usr/include/c++/14.2.1/bits/move.h:70:5:constexpr _Tp&& std::forward(typename remove_reference<_Functor>::type&) [with _Tp = const int&]	16	static
/usr/include/c++/14.2.1/bits/stl_deque.h:1268:7:std::deque<_Tp, _Alloc>::size_type std::deque<_Tp, _Alloc>::size() const [with _Tp = int; _Alloc = std::allocator<int>]	32	static
/usr/include/c++/14.2.1/bits/stl_deque.h:1274:7:std::deque<_Tp, _Alloc>::size_type std::deque<_Tp, _Alloc>::max_size() const [with _Tp = int; _Alloc = std::allocator<int>]	32	static
/usr/include/c++/14.2.1/bits/stl_deque.h:2168:7:void std::deque<_Tp, _Alloc>::_M_reserve_map_at_back(size_type) [with _Tp = int; _Alloc = std::allocator<int>]	32	static
/usr/include/c++/14.2.1/bits/stl_deque.h:580:7:std::_Deque_base<_Tp, _Alloc>::_Ptr std::_Deque_base<_Tp, _Alloc>::_M_allocate_node() [with _Tp = int; _Alloc = std::allocator<int>]	48	static
/usr/include/c++/14.2.1/bits/new_allocator.h:156:7:void std::__new_allocator<_Tp>::deallocate(_Tp*, size_type) [with _Tp = int]	48	static
/usr/include/c++/14.2.1/bits/stl_uninitialized.h:660:9:static _ForwardIterator std::__uninitialized_default_n_1<true>::__uninit_default_n(_ForwardIterator, _Size) [with _ForwardIterator = int*; _Size = long unsigned int]	48	static
/usr/include/c++/14.2.1/bits/stl_uninitialized.h:292:9:static _ForwardIterator std::__uninitialized_fill_n<true>::__uninit_fill_n(_ForwardIterator, _Size, const _Tp&) [with _ForwardIterator = int*; _Size = long unsigned int; _Tp = int]	48	static
/usr/include/c++/14.2.1/bits/stl_deque.h:151:7:std::_Deque_iterator<_Tp, _Ref, _Ptr>::_Deque_iterator() [with _Tp = int; _Ref = int&; _Ptr = int*]	16	static
/usr/include/c++/14.2.1/bits/stl_deque.h:131:21:static std::size_t std::_Deque_iterator<_Tp, _Ref, _Ptr>::_S_buffer_size() [with _Tp = int; _Ref = int&; _Ptr = int*]	16	static
/usr/include/c++/14.2.1/bits/stl_deque.h:572:7:const std::_Deque_base<_Tp, _Alloc>::_Tp_alloc_type& std::_Deque_base<_Tp, _Alloc>::_M_get_Tp_allocator() const [with _Tp = int; _Alloc = std::allocator<int>]	16	static
/usr/include/c++/14.2.1/bits/new_allocator.h:104:7:std::__new_allocator<_Tp>::~__new_allocator() [with _Tp = int*]	16	static
/usr/include/c++/14.2.1/bits/new_allocator.h:156:7:void std::__new_allocator<_Tp>::deallocate(_Tp*, size_type) [with _Tp = int*]	48	static
/usr/include/c++/14.2.1/bits/stl_deque.h:370:7:std::_Deque_iterator<int, int&, int*>::difference_type std::operator-(const _Deque_iterator<int, int&, int*>::_Self&, const _Deque_iterator<int, int&, int*>::_Self&)	32	static
/usr/include/c++/14.2.1/bits/stl_deque.h:1876:7:static std::deque<_Tp, _Alloc>::size_type std::deque<_Tp, _Alloc>::_S_max_size(const _Tp_alloc_type&) [with _Tp = int; _Alloc = std::allocator<int>]	80	static
/usr/include/c++/14.2.1/bits/deque.tcc:931:5:void std::deque<_Tp, _Alloc>::_M_reallocate_map(size_type, bool) [with _Tp = int; _Alloc = std::allocator<int>]	112	static
/usr/include/c++/14.2.1/bits/new_allocator.h:126:7:_Tp* std::__new_allocator<_Tp>::allocate(size_type, const void*) [with _Tp = int]	64	static
/usr/include/c++/14.2.1/bits/move.h:51:5:constexpr _Tp* std::__addressof(_Tp&) [with _Tp = int]	16	static
/usr/include/c++/14.2.1/bits/stl_construct.h:109:5:) [with _Tp = int; _Args = {}]	32	static
/usr/include/c++/14.2.1/bits/stl_algobase.h:1175:5:_OI std::fill_n(_OI, _Size, const _Tp&) [with _OI = int*; _Size = long unsigned int; _Tp = int]	48	static
/usr/include/c++/14.2.1/bits/new_allocator.h:126:7:_Tp* std::__new_allocator<_Tp>::allocate(size_type, const void*) [with _Tp = int*]	64	static
/usr/include/c++/14.2.1/bits/stl_algobase.h:642:5:_OI std::copy(_II, _II, _OI) [with _II = int**; _OI = int**]	64	static
/usr/include/c++/14.2.1/bits/stl_algobase.h:878:5:_BI2 std::copy_backward(_BI1, _BI1, _BI2) [with _BI1 = int**; _BI2 = int**]	64	static
/usr/include/c++/14.2.1/bits/stl_algobase.h:1140:5:_OutputIterator std::__fill_n_a(_OutputIterator, _Size, const _Tp&, random_access_iterator_tag) [with _OutputIterator = int*; _Size = long unsigned int; _Tp = int]	48	static
/usr/include/c++/14.2.1/bits/cpp_type_traits.h:607:5:_Iterator std::__miter_base(_Iterator) [with _Iterator = int**]	16	static
/usr/include/c++/14.2.1/bits/stl_algobase.h:553:5:_OI std::__copy_move_a(_II, _II, _OI) [with bool _IsMove = false; _II = int**; _OI = int**]	64	static
/usr/include/c++/14.2.1/bits/stl_algobase.h:823:5:_OI std::__copy_move_backward_a(_II, _II, _OI) [with bool _IsMove = false; _II = int**; _OI = int**]	64	static
/usr/include/c++/14.2.1/bits/stl_algobase.h:997:5:void std::__fill_a(_FIte, _FIte, const _Tp&) [with _FIte = int*; _Tp = int]	48	static
/usr/include/c++/14.2.1/bits/stl_algobase.h:316:5:_Iterator std::__niter_base(_Iterator) [with _Iterator = int**]	16	static
/usr/include/c++/14.2.1/bits/stl_algobase.h:547:5:_OI std::__copy_move_a1(_II, _II, _OI) [with bool _IsMove = false; _II = int**; _OI = int**]	48	static
/usr/include/c++/14.2.1/bits/stl_algobase.h:353:5:_Iterator std::__niter_wrap(const _Iterator&, _Iterator) [with _Iterator = int**]	16	static
/usr/include/c++/14.2.1/bits/stl_algobase.h:795:5:_BI2 std::__copy_move_backward_a1(_BI1, _BI1, _BI2) [with bool _IsMove = false; _BI1 = int**; _BI2 = int**]	48	static
/usr/include/c++/14.2.1/bits/stl_algobase.h:947:5:typename __gnu_cxx::__enable_if<std::__is_scalar<_Tp>::__value, void>::__type std::__fill_a1(_ForwardIterator, _ForwardIterator, const _Tp&) [with _ForwardIterator = int*; _Tp = int]	16	static
/usr/include/c++/14.2.1/bits/stl_algobase.h:512:5:_OI std::__copy_move_a2(_II, _II, _OI) [with bool _IsMove = false; _II = int**; _OI = int**]	48	static
/usr/include/c++/14.2.1/bits/stl_algobase.h:777:5:_BI2 std::__copy_move_backward_a2(_BI1, _BI1, _BI2) [with bool _IsMove = false; _BI1 = int**; _BI2 = int**]	48	static
/usr/include/c++/14.2.1/bits/stl_algobase.h:448:2:static _Up* std::__copy_move<_IsMove, true, std::random_access_iterator_tag>::__copy_m(_Tp*, _Tp*, _Up*) [with _Tp = int*; _Up = int*; bool _IsMove = false]	64	static
/usr/include/c++/14.2.1/bits/stl_algobase.h:762:2:static _Up* std::__copy_move_backward<_IsMove, true, std::random_access_iterator_tag>::__copy_move_b(_Tp*, _Tp*, _Up*) [with _Tp = int*; _Up = int*; bool _IsMove = false]	64	static
/usr/include/c++/14.2.1/bits/stl_algobase.h:412:2:static void std::__copy_move<false, false, std::random_access_iterator_tag>::__assign_one(_Tp*, _Up*) [with _Tp = int*; _Up = int*]	16	static
