/usr/include/c++/14.2.1/new:179:33:void* operator new(std::size_t, void*)	16	static
/usr/include/c++/14.2.1/new:185:13:void operator delete(void*, void*)	16	static
/usr/include/c++/14.2.1/bits/predefined_ops.h:50:3:constexpr __gnu_cxx::__ops::_Iter_less_iter __gnu_cxx::__ops::__iter_less_iter()	16	static
/usr/include/c++/14.2.1/bits/predefined_ops.h:63:5:__gnu_cxx::__ops::_Iter_less_val::_Iter_less_val(__gnu_cxx::__ops::_Iter_less_iter)	16	static
/usr/include/c++/14.2.1/bits/predefined_ops.h:74:3:__gnu_cxx::__ops::_Iter_less_val __gnu_cxx::__ops::__iter_less_val()	16	static
/usr/include/c++/14.2.1/bits/predefined_ops.h:108:3:__gnu_cxx::__ops::_Val_less_iter __gnu_cxx::__ops::__val_comp_iter(_Iter_less_iter)	16	static
/usr/include/c++/14.2.1/bits/predefined_ops.h:122:3:__gnu_cxx::__ops::_Iter_equal_to_iter __gnu_cxx::__ops::__iter_equal_to_iter()	16	static
/usr/include/c++/14.2.1/bits/stl_algobase.h:1040:3:constexpr long unsigned int std::__size_to_integer(long unsigned int)	16	static
/home/wheatley/coding-python/lcs_2.cpp:11:16:int Compressed2DBIT::lsb(int)	16	static
/usr/include/c++/14.2.1/bits/stl_vector.h:132:14:std::_Vector_base<std::vector<int>, std::allocator<std::vector<int> > >::_Vector_impl::~_Vector_impl()	48	static
/usr/include/c++/14.2.1/bits/stl_vector.h:314:7:std::_Vector_base<_Tp, _Alloc>::_Vector_base() [with _Tp = std::vector<int>; _Alloc = std::allocator<std::vector<int> >]	32	static
/usr/include/c++/14.2.1/bits/stl_vector.h:531:7:std::vector<_Tp, _Alloc>::vector() [with _Tp = std::vector<int>; _Alloc = std::allocator<std::vector<int> >]	32	static
/home/wheatley/coding-python/lcs_2.cpp:16:5:Compressed2DBIT::Compressed2DBIT(int, int)	96	static
/home/wheatley/coding-python/lcs_2.cpp:20:10:void Compressed2DBIT::update(int, int, int)	80	static
/home/wheatley/coding-python/lcs_2.cpp:28:9:int Compressed2DBIT::query(int, int)	64	static
/usr/include/c++/14.2.1/bits/stl_vector.h:132:14:std::_Vector_base<int, std::allocator<int> >::_Vector_impl::~_Vector_impl()	48	static
/usr/include/c++/14.2.1/bits/stl_vector.h:314:7:std::_Vector_base<_Tp, _Alloc>::_Vector_base() [with _Tp = int; _Alloc = std::allocator<int>]	32	static
/usr/include/c++/14.2.1/bits/stl_vector.h:531:7:std::vector<_Tp, _Alloc>::vector() [with _Tp = int; _Alloc = std::allocator<int>]	32	static
/home/wheatley/coding-python/lcs_2.cpp:6:7:Compressed2DBIT::~Compressed2DBIT()	32	static
/usr/include/c++/14.2.1/bits/stl_vector.h:132:14:std::_Vector_base<std::pair<std::pair<int, int>, int>, std::allocator<std::pair<std::pair<int, int>, int> > >::_Vector_impl::~_Vector_impl()	48	static
/usr/include/c++/14.2.1/bits/stl_vector.h:314:7:std::_Vector_base<_Tp, _Alloc>::_Vector_base() [with _Tp = std::pair<std::pair<int, int>, int>; _Alloc = std::allocator<std::pair<std::pair<int, int>, int> >]	32	static
/usr/include/c++/14.2.1/bits/stl_vector.h:531:7:std::vector<_Tp, _Alloc>::vector() [with _Tp = std::pair<std::pair<int, int>, int>; _Alloc = std::allocator<std::pair<std::pair<int, int>, int> >]	32	static
/home/wheatley/coding-python/lcs_2.cpp:39:5:int main()	400	static
/usr/include/c++/14.2.1/bits/stl_vector.h:136:2:std::_Vector_base<_Tp, _Alloc>::_Vector_impl::_Vector_impl() [with _Tp = std::vector<int>; _Alloc = std::allocator<std::vector<int> >]	48	static
/usr/include/c++/14.2.1/bits/stl_vector.h:366:7:std::_Vector_base<_Tp, _Alloc>::~_Vector_base() [with _Tp = std::vector<int>; _Alloc = std::allocator<std::vector<int> >]	32	static
/usr/include/c++/14.2.1/bits/stl_vector.h:733:7:std::vector<_Tp, _Alloc>::~vector() [with _Tp = std::vector<int>; _Alloc = std::allocator<std::vector<int> >]	64	static
/usr/include/c++/14.2.1/bits/stl_vector.h:569:7:std::vector<_Tp, _Alloc>::vector(size_type, const value_type&, const allocator_type&) [with _Tp = int; _Alloc = std::allocator<int>]	64	static
/usr/include/c++/14.2.1/bits/stl_vector.h:733:7:std::vector<_Tp, _Alloc>::~vector() [with _Tp = int; _Alloc = std::allocator<int>]	64	static
/usr/include/c++/14.2.1/bits/stl_vector.h:808:7:void std::vector<_Tp, _Alloc>::assign(size_type, const value_type&) [with _Tp = std::vector<int>; _Alloc = std::allocator<std::vector<int> >]	48	static
/usr/include/c++/14.2.1/bits/stl_vector.h:1128:7:std::vector<_Tp, _Alloc>::reference std::vector<_Tp, _Alloc>::operator[](size_type) [with _Tp = std::vector<int>; _Alloc = std::allocator<std::vector<int> >]	16	static
/usr/include/c++/14.2.1/bits/stl_vector.h:1128:7:std::vector<_Tp, _Alloc>::reference std::vector<_Tp, _Alloc>::operator[](size_type) [with _Tp = int; _Alloc = std::allocator<int>]	16	static
/usr/include/c++/14.2.1/bits/stl_algobase.h:257:5:constexpr const _Tp& std::max(const _Tp&, const _Tp&) [with _Tp = int]	16	static
/usr/include/c++/14.2.1/bits/stl_vector.h:556:7:std::vector<_Tp, _Alloc>::vector(size_type, const allocator_type&) [with _Tp = int; _Alloc = std::allocator<int>]	64	static
/usr/include/c++/14.2.1/bits/stl_vector.h:136:2:std::_Vector_base<_Tp, _Alloc>::_Vector_impl::_Vector_impl() [with _Tp = int; _Alloc = std::allocator<int>]	48	static
/usr/include/c++/14.2.1/bits/stl_vector.h:366:7:std::_Vector_base<_Tp, _Alloc>::~_Vector_base() [with _Tp = int; _Alloc = std::allocator<int>]	32	static
/usr/include/c++/14.2.1/bits/stl_vector.h:1283:7:void std::vector<_Tp, _Alloc>::push_back(const value_type&) [with _Tp = int; _Alloc = std::allocator<int>]	96	static
/usr/include/c++/14.2.1/bits/stl_vector.h:1300:7:void std::vector<_Tp, _Alloc>::push_back(value_type&&) [with _Tp = int; _Alloc = std::allocator<int>]	32	static
/usr/include/c++/14.2.1/bits/stl_vector.h:873:7:std::vector<_Tp, _Alloc>::iterator std::vector<_Tp, _Alloc>::begin() [with _Tp = int; _Alloc = std::allocator<int>]	48	static
/usr/include/c++/14.2.1/bits/stl_vector.h:893:7:std::vector<_Tp, _Alloc>::iterator std::vector<_Tp, _Alloc>::end() [with _Tp = int; _Alloc = std::allocator<int>]	48	static
/usr/include/c++/14.2.1/bits/stl_algo.h:4761:5:void std::sort(_RAIter, _RAIter) [with _RAIter = __gnu_cxx::__normal_iterator<int*, vector<int> >]	32	static
/usr/include/c++/14.2.1/bits/stl_algo.h:891:5:_FIter std::unique(_FIter, _FIter) [with _FIter = __gnu_cxx::__normal_iterator<int*, vector<int> >]	32	static
/usr/include/c++/14.2.1/bits/stl_iterator.h:1074:2:__gnu_cxx::__normal_iterator<_Iterator, _Container>::__normal_iterator(const __gnu_cxx::__normal_iterator<_Iter, _Container>&) [with _Iter = int*; <template-parameter-2-2> = void; _Iterator = const int*; _Container = std::vector<int>]	32	static
/usr/include/c++/14.2.1/bits/stl_vector.h:1564:7:std::vector<_Tp, _Alloc>::iterator std::vector<_Tp, _Alloc>::erase(const_iterator, const_iterator) [with _Tp = int; _Alloc = std::allocator<int>]	96	static
/usr/include/c++/14.2.1/bits/stl_algobase.h:1527:5:_ForwardIterator std::lower_bound(_ForwardIterator, _ForwardIterator, const _Tp&) [with _ForwardIterator = __gnu_cxx::__normal_iterator<int*, vector<int> >; _Tp = int]	48	static
/usr/include/c++/14.2.1/bits/stl_iterator.h:1325:5:typename __gnu_cxx::__normal_iterator<_Iterator, _Container>::difference_type __gnu_cxx::operator-(const __normal_iterator<_Iterator, _Container>&, const __normal_iterator<_Iterator, _Container>&) [with _Iterator = int*; _Container = std::vector<int>]	48	static
/usr/include/c++/14.2.1/bits/stl_vector.h:992:7:std::vector<_Tp, _Alloc>::size_type std::vector<_Tp, _Alloc>::size() const [with _Tp = int; _Alloc = std::allocator<int>]	16	static
/usr/include/c++/14.2.1/bits/stl_vector.h:569:7:std::vector<_Tp, _Alloc>::vector(size_type, const value_type&, const allocator_type&) [with _Tp = std::vector<int>; _Alloc = std::allocator<std::vector<int> >]	64	static
/usr/include/c++/14.2.1/bits/stl_vector.h:136:2:std::_Vector_base<_Tp, _Alloc>::_Vector_impl::_Vector_impl() [with _Tp = std::pair<std::pair<int, int>, int>; _Alloc = std::allocator<std::pair<std::pair<int, int>, int> >]	48	static
/usr/include/c++/14.2.1/bits/stl_vector.h:366:7:std::_Vector_base<_Tp, _Alloc>::~_Vector_base() [with _Tp = std::pair<std::pair<int, int>, int>; _Alloc = std::allocator<std::pair<std::pair<int, int>, int> >]	32	static
/usr/include/c++/14.2.1/bits/stl_vector.h:733:7:std::vector<_Tp, _Alloc>::~vector() [with _Tp = std::pair<std::pair<int, int>, int>; _Alloc = std::allocator<std::pair<std::pair<int, int>, int> >]	64	static
/usr/include/c++/14.2.1/bits/stl_pair.h:1132:5:constexpr std::pair<typename std::__strip_reference_wrapper<typename std::decay<_Tp>::type>::__type, typename std::__strip_reference_wrapper<typename std::decay<_Tp2>::type>::__type> std::make_pair(_T1&&, _T2&&) [with _T1 = int&; _T2 = int&]	64	static
/usr/include/c++/14.2.1/bits/vector.tcc:111:7:) [with _Args = {std::pair<int, int>, int&}; _Tp = std::pair<std::pair<int, int>, int>; _Alloc = std::allocator<std::pair<std::pair<int, int>, int> >]	128	static
/usr/include/c++/14.2.1/bits/stl_vector.h:873:7:std::vector<_Tp, _Alloc>::iterator std::vector<_Tp, _Alloc>::begin() [with _Tp = std::pair<std::pair<int, int>, int>; _Alloc = std::allocator<std::pair<std::pair<int, int>, int> >]	48	static
/usr/include/c++/14.2.1/bits/stl_vector.h:893:7:std::vector<_Tp, _Alloc>::iterator std::vector<_Tp, _Alloc>::end() [with _Tp = std::pair<std::pair<int, int>, int>; _Alloc = std::allocator<std::pair<std::pair<int, int>, int> >]	48	static
/usr/include/c++/14.2.1/bits/stl_iterator.h:1232:5:bool __gnu_cxx::operator!=(const __normal_iterator<_Iterator, _Container>&, const __normal_iterator<_Iterator, _Container>&) [with _Iterator = std::pair<std::pair<int, int>, int>*; _Container = std::vector<std::pair<std::pair<int, int>, int> >]	48	static
/usr/include/c++/14.2.1/bits/stl_iterator.h:1100:7:__gnu_cxx::__normal_iterator<_Iterator, _Container>& __gnu_cxx::__normal_iterator<_Iterator, _Container>::operator++() [with _Iterator = std::pair<std::pair<int, int>, int>*; _Container = std::vector<std::pair<std::pair<int, int>, int> >]	16	static
/usr/include/c++/14.2.1/bits/stl_iterator.h:1090:7:__gnu_cxx::__normal_iterator<_Iterator, _Container>::reference __gnu_cxx::__normal_iterator<_Iterator, _Container>::operator*() const [with _Iterator = std::pair<std::pair<int, int>, int>*; _Container = std::vector<std::pair<std::pair<int, int>, int> >]	16	static
/usr/include/c++/14.2.1/bits/stl_vector.h:98:2:std::_Vector_base<_Tp, _Alloc>::_Vector_impl_data::_Vector_impl_data() [with _Tp = std::vector<int>; _Alloc = std::allocator<std::vector<int> >]	16	static
/usr/include/c++/14.2.1/bits/new_allocator.h:104:7:std::__new_allocator<_Tp>::~__new_allocator() [with _Tp = std::vector<int>]	16	static
/usr/include/c++/14.2.1/bits/stl_vector.h:385:7:void std::_Vector_base<_Tp, _Alloc>::_M_deallocate(pointer, std::size_t) [with _Tp = std::vector<int>; _Alloc = std::allocator<std::vector<int> >]	80	static
/usr/include/c++/14.2.1/bits/stl_vector.h:300:7:std::_Vector_base<_Tp, _Alloc>::_Tp_alloc_type& std::_Vector_base<_Tp, _Alloc>::_M_get_Tp_allocator() [with _Tp = std::vector<int>; _Alloc = std::allocator<std::vector<int> >]	16	static
/usr/include/c++/14.2.1/bits/new_allocator.h:104:7:std::__new_allocator<_Tp>::~__new_allocator() [with _Tp = int]	16	static
/usr/include/c++/14.2.1/bits/stl_vector.h:1917:7:static std::vector<_Tp, _Alloc>::size_type std::vector<_Tp, _Alloc>::_S_check_init_len(size_type, const allocator_type&) [with _Tp = int; _Alloc = std::allocator<int>]	96	static
/usr/include/c++/14.2.1/bits/stl_vector.h:332:7:std::_Vector_base<_Tp, _Alloc>::_Vector_base(std::size_t, const allocator_type&) [with _Tp = int; _Alloc = std::allocator<int>]	64	static
/usr/include/c++/14.2.1/bits/stl_vector.h:1706:7:void std::vector<_Tp, _Alloc>::_M_fill_initialize(size_type, const value_type&) [with _Tp = int; _Alloc = std::allocator<int>]	48	static
/usr/include/c++/14.2.1/bits/stl_vector.h:300:7:std::_Vector_base<_Tp, _Alloc>::_Tp_alloc_type& std::_Vector_base<_Tp, _Alloc>::_M_get_Tp_allocator() [with _Tp = int; _Alloc = std::allocator<int>]	16	static
/usr/include/c++/14.2.1/bits/vector.tcc:270:5:void std::vector<_Tp, _Alloc>::_M_fill_assign(std::size_t, const value_type&) [with _Tp = std::vector<int>; _Alloc = std::allocator<std::vector<int> >]	112	static
/usr/include/c++/14.2.1/bits/stl_vector.h:1717:7:void std::vector<_Tp, _Alloc>::_M_default_initialize(size_type) [with _Tp = int; _Alloc = std::allocator<int>]	32	static
/usr/include/c++/14.2.1/bits/stl_vector.h:98:2:std::_Vector_base<_Tp, _Alloc>::_Vector_impl_data::_Vector_impl_data() [with _Tp = int; _Alloc = std::allocator<int>]	16	static
/usr/include/c++/14.2.1/bits/stl_vector.h:385:7:void std::_Vector_base<_Tp, _Alloc>::_M_deallocate(pointer, std::size_t) [with _Tp = int; _Alloc = std::allocator<int>]	80	static
/usr/include/c++/14.2.1/bits/vector.tcc:607:2:)::_Guard::_Guard(std::vector<_Tp, _Alloc>::pointer, std::vector<_Tp, _Alloc>::size_type, std::vector<_Tp, _Alloc>::_Tp_alloc_type&) [with _Args = {const int&}; _Tp = int; _Alloc = std::allocator<int>]	16	static
/usr/include/c++/14.2.1/bits/vector.tcc:612:2:)::_Guard::~_Guard() [with _Args = {const int&}; _Tp = int; _Alloc = std::allocator<int>]	64	static
/usr/include/c++/14.2.1/bits/vector.tcc:581:7:) [with _Args = {const int&}; _Tp = int; _Alloc = std::allocator<int>]	192	static
/usr/include/c++/14.2.1/bits/move.h:127:5:constexpr typename std::remove_reference<_Tp>::type&& std::move(_Tp&&) [with _Tp = int&]	16	static
/usr/include/c++/14.2.1/bits/vector.tcc:111:7:) [with _Args = {int}; _Tp = int; _Alloc = std::allocator<int>]	96	static
/usr/include/c++/14.2.1/bits/stl_iterator.h:1067:7:__gnu_cxx::__normal_iterator<_Iterator, _Container>::__normal_iterator(const _Iterator&) [with _Iterator = int*; _Container = std::vector<int>]	16	static
/usr/include/c++/14.2.1/bits/stl_algo.h:1900:5:void std::__sort(_RandomAccessIterator, _RandomAccessIterator, _Compare) [with _RandomAccessIterator = __gnu_cxx::__normal_iterator<int*, vector<int> >; _Compare = __gnu_cxx::__ops::_Iter_less_iter]	48	static
/usr/include/c++/14.2.1/bits/stl_algo.h:857:5:_ForwardIterator std::__unique(_ForwardIterator, _ForwardIterator, _BinaryPredicate) [with _ForwardIterator = __gnu_cxx::__normal_iterator<int*, vector<int> >; _BinaryPredicate = __gnu_cxx::__ops::_Iter_equal_to_iter]	80	static
/usr/include/c++/14.2.1/bits/stl_iterator.h:1153:7:const _Iterator& __gnu_cxx::__normal_iterator<_Iterator, _Container>::base() const [with _Iterator = int*; _Container = std::vector<int>]	16	static
/usr/include/c++/14.2.1/bits/stl_vector.h:954:7:std::vector<_Tp, _Alloc>::const_iterator std::vector<_Tp, _Alloc>::cbegin() const [with _Tp = int; _Alloc = std::allocator<int>]	48	static
/usr/include/c++/14.2.1/bits/stl_iterator.h:1325:5:typename __gnu_cxx::__normal_iterator<_Iterator, _Container>::difference_type __gnu_cxx::operator-(const __normal_iterator<_Iterator, _Container>&, const __normal_iterator<_Iterator, _Container>&) [with _Iterator = const int*; _Container = std::vector<int>]	48	static
/usr/include/c++/14.2.1/bits/stl_iterator.h:1138:7:__gnu_cxx::__normal_iterator<_Iterator, _Container> __gnu_cxx::__normal_iterator<_Iterator, _Container>::operator+(difference_type) const [with _Iterator = int*; _Container = std::vector<int>]	64	static
/usr/include/c++/14.2.1/bits/vector.tcc:195:5:std::vector<_Tp, _Alloc>::iterator std::vector<_Tp, _Alloc>::_M_erase(iterator, iterator) [with _Tp = int; _Alloc = std::allocator<int>]	80	static
/usr/include/c++/14.2.1/bits/stl_algobase.h:1488:5:_ForwardIterator std::__lower_bound(_ForwardIterator, _ForwardIterator, const _Tp&, _Compare) [with _ForwardIterator = __gnu_cxx::__normal_iterator<int*, vector<int> >; _Tp = int; _Compare = __gnu_cxx::__ops::_Iter_less_val]	128	static
/usr/include/c++/14.2.1/bits/stl_vector.h:1917:7:static std::vector<_Tp, _Alloc>::size_type std::vector<_Tp, _Alloc>::_S_check_init_len(size_type, const allocator_type&) [with _Tp = std::vector<int>; _Alloc = std::allocator<std::vector<int> >]	96	static
/usr/include/c++/14.2.1/bits/stl_vector.h:332:7:std::_Vector_base<_Tp, _Alloc>::_Vector_base(std::size_t, const allocator_type&) [with _Tp = std::vector<int>; _Alloc = std::allocator<std::vector<int> >]	64	static
/usr/include/c++/14.2.1/bits/stl_vector.h:1706:7:void std::vector<_Tp, _Alloc>::_M_fill_initialize(size_type, const value_type&) [with _Tp = std::vector<int>; _Alloc = std::allocator<std::vector<int> >]	48	static
/usr/include/c++/14.2.1/bits/stl_vector.h:98:2:std::_Vector_base<_Tp, _Alloc>::_Vector_impl_data::_Vector_impl_data() [with _Tp = std::pair<std::pair<int, int>, int>; _Alloc = std::allocator<std::pair<std::pair<int, int>, int> >]	16	static
/usr/include/c++/14.2.1/bits/new_allocator.h:104:7:std::__new_allocator<_Tp>::~__new_allocator() [with _Tp = std::pair<std::pair<int, int>, int>]	16	static
/usr/include/c++/14.2.1/bits/stl_vector.h:385:7:void std::_Vector_base<_Tp, _Alloc>::_M_deallocate(pointer, std::size_t) [with _Tp = std::pair<std::pair<int, int>, int>; _Alloc = std::allocator<std::pair<std::pair<int, int>, int> >]	80	static
/usr/include/c++/14.2.1/bits/stl_vector.h:300:7:std::_Vector_base<_Tp, _Alloc>::_Tp_alloc_type& std::_Vector_base<_Tp, _Alloc>::_M_get_Tp_allocator() [with _Tp = std::pair<std::pair<int, int>, int>; _Alloc = std::allocator<std::pair<std::pair<int, int>, int> >]	16	static
/usr/include/c++/14.2.1/bits/move.h:70:5:constexpr _Tp&& std::forward(typename remove_reference<_Functor>::type&) [with _Tp = int&]	16	static
/usr/include/c++/14.2.1/bits/stl_pair.h:881:12:constexpr std::pair<_T1, _T2>::pair(_U1&&, _U2&&) [with _U1 = int&; _U2 = int&; typename std::enable_if<(std::_PCC<true, _T1, _T2>::_MoveConstructiblePair<_U1, _U2>() && std::_PCC<true, _T1, _T2>::_ImplicitlyMoveConvertiblePair<_U1, _U2>()), bool>::type <anonymous> = true; _T1 = int; _T2 = int]	48	static
/usr/include/c++/14.2.1/bits/move.h:70:5:constexpr _Tp&& std::forward(typename remove_reference<_Functor>::type&) [with _Tp = pair<int, int>]	16	static
/usr/include/c++/14.2.1/bits/vector.tcc:607:2:)::_Guard::_Guard(std::vector<_Tp, _Alloc>::pointer, std::vector<_Tp, _Alloc>::size_type, std::vector<_Tp, _Alloc>::_Tp_alloc_type&) [with _Args = {std::pair<int, int>, int&}; _Tp = std::pair<std::pair<int, int>, int>; _Alloc = std::allocator<std::pair<std::pair<int, int>, int> >]	16	static
/usr/include/c++/14.2.1/bits/vector.tcc:612:2:)::_Guard::~_Guard() [with _Args = {std::pair<int, int>, int&}; _Tp = std::pair<std::pair<int, int>, int>; _Alloc = std::allocator<std::pair<std::pair<int, int>, int> >]	64	static
/usr/include/c++/14.2.1/bits/vector.tcc:581:7:) [with _Args = {std::pair<int, int>, int&}; _Tp = std::pair<std::pair<int, int>, int>; _Alloc = std::allocator<std::pair<std::pair<int, int>, int> >]	224	static
/usr/include/c++/14.2.1/bits/stl_vector.h:1235:7:std::vector<_Tp, _Alloc>::reference std::vector<_Tp, _Alloc>::back() [with _Tp = std::pair<std::pair<int, int>, int>; _Alloc = std::allocator<std::pair<std::pair<int, int>, int> >]	64	static
/usr/include/c++/14.2.1/bits/stl_iterator.h:1067:7:__gnu_cxx::__normal_iterator<_Iterator, _Container>::__normal_iterator(const _Iterator&) [with _Iterator = std::pair<std::pair<int, int>, int>*; _Container = std::vector<std::pair<std::pair<int, int>, int> >]	16	static
/usr/include/c++/14.2.1/bits/stl_iterator.h:1153:7:const _Iterator& __gnu_cxx::__normal_iterator<_Iterator, _Container>::base() const [with _Iterator = std::pair<std::pair<int, int>, int>*; _Container = std::vector<std::pair<std::pair<int, int>, int> >]	16	static
/usr/include/c++/14.2.1/bits/stl_construct.h:182:5:void std::_Destroy(_ForwardIterator, _ForwardIterator) [with _ForwardIterator = vector<int>*]	32	static
/usr/include/c++/14.2.1/bits/stl_vector.h:1926:7:static std::vector<_Tp, _Alloc>::size_type std::vector<_Tp, _Alloc>::_S_max_size(const _Tp_alloc_type&) [with _Tp = int; _Alloc = std::allocator<int>]	80	static
/usr/include/c++/14.2.1/bits/stl_vector.h:145:2:std::_Vector_base<_Tp, _Alloc>::_Vector_impl::_Vector_impl(const std::_Vector_base<_Tp, _Alloc>::_Tp_alloc_type&) [with _Tp = int; _Alloc = std::allocator<int>]	64	static
/usr/include/c++/14.2.1/bits/stl_vector.h:396:7:void std::_Vector_base<_Tp, _Alloc>::_M_create_storage(std::size_t) [with _Tp = int; _Alloc = std::allocator<int>]	32	static
/usr/include/c++/14.2.1/bits/stl_uninitialized.h:465:5:_ForwardIterator std::__uninitialized_fill_n_a(_ForwardIterator, _Size, const _Tp&, allocator<_Tp2>&) [with _ForwardIterator = int*; _Size = long unsigned int; _Tp = int; _Tp2 = int]	48	static
/usr/include/c++/14.2.1/bits/stl_construct.h:182:5:void std::_Destroy(_ForwardIterator, _ForwardIterator) [with _ForwardIterator = int*]	32	static
/usr/include/c++/14.2.1/bits/stl_vector.h:992:7:std::vector<_Tp, _Alloc>::size_type std::vector<_Tp, _Alloc>::size() const [with _Tp = std::vector<int>; _Alloc = std::allocator<std::vector<int> >]	16	static
/usr/include/c++/14.2.1/bits/stl_vector.h:1078:7:std::vector<_Tp, _Alloc>::size_type std::vector<_Tp, _Alloc>::capacity() const [with _Tp = std::vector<int>; _Alloc = std::allocator<std::vector<int> >]	16	static
/usr/include/c++/14.2.1/bits/stl_vector.h:121:2:void std::_Vector_base<_Tp, _Alloc>::_Vector_impl_data::_M_swap_data(std::_Vector_base<_Tp, _Alloc>::_Vector_impl_data&) [with _Tp = std::vector<int>; _Alloc = std::allocator<std::vector<int> >]	64	static
/usr/include/c++/14.2.1/bits/stl_vector.h:873:7:std::vector<_Tp, _Alloc>::iterator std::vector<_Tp, _Alloc>::begin() [with _Tp = std::vector<int>; _Alloc = std::allocator<std::vector<int> >]	48	static
/usr/include/c++/14.2.1/bits/stl_vector.h:893:7:std::vector<_Tp, _Alloc>::iterator std::vector<_Tp, _Alloc>::end() [with _Tp = std::vector<int>; _Alloc = std::allocator<std::vector<int> >]	48	static
/usr/include/c++/14.2.1/bits/stl_algobase.h:1022:5:void std::fill(_ForwardIterator, _ForwardIterator, const _Tp&) [with _ForwardIterator = __gnu_cxx::__normal_iterator<vector<int>*, vector<vector<int> > >; _Tp = vector<int>]	48	static
/usr/include/c++/14.2.1/bits/stl_uninitialized.h:465:5:_ForwardIterator std::__uninitialized_fill_n_a(_ForwardIterator, _Size, const _Tp&, allocator<_Tp2>&) [with _ForwardIterator = vector<int>*; _Size = long unsigned int; _Tp = vector<int>; _Tp2 = vector<int>]	48	static
/usr/include/c++/14.2.1/bits/stl_vector.h:1943:7:void std::vector<_Tp, _Alloc>::_M_erase_at_end(pointer) [with _Tp = std::vector<int>; _Alloc = std::allocator<std::vector<int> >]	64	static
/usr/include/c++/14.2.1/bits/stl_algobase.h:1175:5:_OI std::fill_n(_OI, _Size, const _Tp&) [with _OI = vector<int>*; _Size = long unsigned int; _Tp = vector<int>]	48	static
/usr/include/c++/14.2.1/bits/stl_uninitialized.h:777:5:_ForwardIterator std::__uninitialized_default_n_a(_ForwardIterator, _Size, allocator<_Tp>&) [with _ForwardIterator = int*; _Size = long unsigned int; _Tp = int]	48	static
/usr/include/c++/14.2.1/bits/move.h:70:5:constexpr _Tp&& std::forward(typename remove_reference<_Functor>::type&) [with _Tp = const int&]	16	static
/usr/include/c++/14.2.1/bits/stl_vector.h:1906:7:std::vector<_Tp, _Alloc>::size_type std::vector<_Tp, _Alloc>::_M_check_len(size_type, const char*) const [with _Tp = int; _Alloc = std::allocator<int>]	96	static
/usr/include/c++/14.2.1/bits/stl_vector.h:377:7:std::_Vector_base<_Tp, _Alloc>::pointer std::_Vector_base<_Tp, _Alloc>::_M_allocate(std::size_t) [with _Tp = int; _Alloc = std::allocator<int>]	48	static
/usr/include/c++/14.2.1/bits/ptr_traits.h:205:5:constexpr _Tp* std::__to_address(_Tp*) [with _Tp = int]	16	static
/usr/include/c++/14.2.1/bits/stl_vector.h:504:7:static std::vector<_Tp, _Alloc>::pointer std::vector<_Tp, _Alloc>::_S_relocate(pointer, pointer, pointer, _Tp_alloc_type&) [with _Tp = int; _Alloc = std::allocator<int>]	48	static
/usr/include/c++/14.2.1/bits/move.h:70:5:constexpr _Tp&& std::forward(typename remove_reference<_Functor>::type&) [with _Tp = int]	16	static
/usr/include/c++/14.2.1/bits/vector.tcc:607:2:)::_Guard::_Guard(std::vector<_Tp, _Alloc>::pointer, std::vector<_Tp, _Alloc>::size_type, std::vector<_Tp, _Alloc>::_Tp_alloc_type&) [with _Args = {int}; _Tp = int; _Alloc = std::allocator<int>]	16	static
/usr/include/c++/14.2.1/bits/vector.tcc:612:2:)::_Guard::~_Guard() [with _Args = {int}; _Tp = int; _Alloc = std::allocator<int>]	64	static
/usr/include/c++/14.2.1/bits/vector.tcc:581:7:) [with _Args = {int}; _Tp = int; _Alloc = std::allocator<int>]	192	static
/usr/include/c++/14.2.1/bits/stl_vector.h:1235:7:std::vector<_Tp, _Alloc>::reference std::vector<_Tp, _Alloc>::back() [with _Tp = int; _Alloc = std::allocator<int>]	64	static
/usr/include/c++/14.2.1/bits/stl_iterator.h:1232:5:bool __gnu_cxx::operator!=(const __normal_iterator<_Iterator, _Container>&, const __normal_iterator<_Iterator, _Container>&) [with _Iterator = int*; _Container = std::vector<int>]	48	static
/usr/include/c++/14.2.1/bits/stl_algobase.h:1544:5:constexpr _Tp std::__lg(_Tp) [with _Tp = long int]	32	static
/usr/include/c++/14.2.1/bits/stl_algo.h:1876:5:void std::__introsort_loop(_RandomAccessIterator, _RandomAccessIterator, _Size, _Compare) [with _RandomAccessIterator = __gnu_cxx::__normal_iterator<int*, vector<int> >; _Size = long int; _Compare = __gnu_cxx::__ops::_Iter_less_iter]	64	static
/usr/include/c++/14.2.1/bits/stl_algo.h:1812:5:void std::__final_insertion_sort(_RandomAccessIterator, _RandomAccessIterator, _Compare) [with _RandomAccessIterator = __gnu_cxx::__normal_iterator<int*, vector<int> >; _Compare = __gnu_cxx::__ops::_Iter_less_iter]	48	static
/usr/include/c++/14.2.1/bits/stl_algo.h:839:5:_ForwardIterator std::__adjacent_find(_ForwardIterator, _ForwardIterator, _BinaryPredicate) [with _ForwardIterator = __gnu_cxx::__normal_iterator<int*, vector<int> >; _BinaryPredicate = __gnu_cxx::__ops::_Iter_equal_to_iter]	64	static
/usr/include/c++/14.2.1/bits/stl_iterator.h:1216:5:bool __gnu_cxx::operator==(const __normal_iterator<_Iterator, _Container>&, const __normal_iterator<_Iterator, _Container>&) [with _Iterator = int*; _Container = std::vector<int>]	48	static
/usr/include/c++/14.2.1/bits/stl_iterator.h:1100:7:__gnu_cxx::__normal_iterator<_Iterator, _Container>& __gnu_cxx::__normal_iterator<_Iterator, _Container>::operator++() [with _Iterator = int*; _Container = std::vector<int>]	16	static
/usr/include/c++/14.2.1/bits/predefined_ops.h:116:7:bool __gnu_cxx::__ops::_Iter_equal_to_iter::operator()(_Iterator1, _Iterator2) const [with _Iterator1 = __gnu_cxx::__normal_iterator<int*, std::vector<int> >; _Iterator2 = __gnu_cxx::__normal_iterator<int*, std::vector<int> >]	64	static
/usr/include/c++/14.2.1/bits/stl_iterator.h:1090:7:__gnu_cxx::__normal_iterator<_Iterator, _Container>::reference __gnu_cxx::__normal_iterator<_Iterator, _Container>::operator*() const [with _Iterator = int*; _Container = std::vector<int>]	16	static
/usr/include/c++/14.2.1/bits/stl_iterator.h:1067:7:__gnu_cxx::__normal_iterator<_Iterator, _Container>::__normal_iterator(const _Iterator&) [with _Iterator = const int*; _Container = std::vector<int>]	16	static
/usr/include/c++/14.2.1/bits/stl_iterator.h:1153:7:const _Iterator& __gnu_cxx::__normal_iterator<_Iterator, _Container>::base() const [with _Iterator = const int*; _Container = std::vector<int>]	16	static
/usr/include/c++/14.2.1/bits/stl_algobase.h:675:5:_OI std::move(_II, _II, _OI) [with _II = __gnu_cxx::__normal_iterator<int*, vector<int> >; _OI = __gnu_cxx::__normal_iterator<int*, vector<int> >]	64	static
/usr/include/c++/14.2.1/bits/stl_vector.h:1943:7:void std::vector<_Tp, _Alloc>::_M_erase_at_end(pointer) [with _Tp = int; _Alloc = std::allocator<int>]	64	static
/usr/include/c++/14.2.1/bits/predefined_ops.h:68:7:bool __gnu_cxx::__ops::_Iter_less_val::operator()(_Iterator, _Value&) const [with _Iterator = __gnu_cxx::__normal_iterator<int*, std::vector<int> >; _Value = const int]	48	static
/usr/include/c++/14.2.1/bits/stl_vector.h:1926:7:static std::vector<_Tp, _Alloc>::size_type std::vector<_Tp, _Alloc>::_S_max_size(const _Tp_alloc_type&) [with _Tp = std::vector<int>; _Alloc = std::allocator<std::vector<int> >]	80	static
/usr/include/c++/14.2.1/bits/stl_vector.h:145:2:std::_Vector_base<_Tp, _Alloc>::_Vector_impl::_Vector_impl(const std::_Vector_base<_Tp, _Alloc>::_Tp_alloc_type&) [with _Tp = std::vector<int>; _Alloc = std::allocator<std::vector<int> >]	64	static
/usr/include/c++/14.2.1/bits/stl_vector.h:396:7:void std::_Vector_base<_Tp, _Alloc>::_M_create_storage(std::size_t) [with _Tp = std::vector<int>; _Alloc = std::allocator<std::vector<int> >]	32	static
/usr/include/c++/14.2.1/bits/stl_construct.h:182:5:void std::_Destroy(_ForwardIterator, _ForwardIterator) [with _ForwardIterator = pair<pair<int, int>, int>*]	32	static
/usr/include/c++/14.2.1/bits/stl_vector.h:1906:7:std::vector<_Tp, _Alloc>::size_type std::vector<_Tp, _Alloc>::_M_check_len(size_type, const char*) const [with _Tp = std::pair<std::pair<int, int>, int>; _Alloc = std::allocator<std::pair<std::pair<int, int>, int> >]	96	static
/usr/include/c++/14.2.1/bits/stl_iterator.h:1325:5:typename __gnu_cxx::__normal_iterator<_Iterator, _Container>::difference_type __gnu_cxx::operator-(const __normal_iterator<_Iterator, _Container>&, const __normal_iterator<_Iterator, _Container>&) [with _Iterator = std::pair<std::pair<int, int>, int>*; _Container = std::vector<std::pair<std::pair<int, int>, int> >]	48	static
/usr/include/c++/14.2.1/bits/stl_vector.h:377:7:std::_Vector_base<_Tp, _Alloc>::pointer std::_Vector_base<_Tp, _Alloc>::_M_allocate(std::size_t) [with _Tp = std::pair<std::pair<int, int>, int>; _Alloc = std::allocator<std::pair<std::pair<int, int>, int> >]	48	static
/usr/include/c++/14.2.1/bits/ptr_traits.h:205:5:constexpr _Tp* std::__to_address(_Tp*) [with _Tp = pair<pair<int, int>, int>]	16	static
/usr/include/c++/14.2.1/bits/stl_vector.h:504:7:static std::vector<_Tp, _Alloc>::pointer std::vector<_Tp, _Alloc>::_S_relocate(pointer, pointer, pointer, _Tp_alloc_type&) [with _Tp = std::pair<std::pair<int, int>, int>; _Alloc = std::allocator<std::pair<std::pair<int, int>, int> >]	48	static
/usr/include/c++/14.2.1/bits/stl_iterator.h:1148:7:__gnu_cxx::__normal_iterator<_Iterator, _Container> __gnu_cxx::__normal_iterator<_Iterator, _Container>::operator-(difference_type) const [with _Iterator = std::pair<std::pair<int, int>, int>*; _Container = std::vector<std::pair<std::pair<int, int>, int> >]	64	static
/usr/include/c++/14.2.1/bits/new_allocator.h:156:7:void std::__new_allocator<_Tp>::deallocate(_Tp*, size_type) [with _Tp = std::vector<int>]	48	static
/usr/include/c++/14.2.1/bits/stl_construct.h:160:2:static void std::_Destroy_aux<<anonymous> >::__destroy(_ForwardIterator, _ForwardIterator) [with _ForwardIterator = std::vector<int>*; bool <anonymous> = false]	32	static
/usr/include/c++/14.2.1/bits/stl_algobase.h:233:5:constexpr const _Tp& std::min(const _Tp&, const _Tp&) [with _Tp = long unsigned int]	16	static
/usr/include/c++/14.2.1/bits/stl_uninitialized.h:312:5:_ForwardIterator std::uninitialized_fill_n(_ForwardIterator, _Size, const _Tp&) [with _ForwardIterator = int*; _Size = long unsigned int; _Tp = int]	64	static
/usr/include/c++/14.2.1/bits/stl_construct.h:172:9:static void std::_Destroy_aux<true>::__destroy(_ForwardIterator, _ForwardIterator) [with _ForwardIterator = int*]	16	static
/usr/include/c++/14.2.1/bits/stl_vector.h:112:2:void std::_Vector_base<_Tp, _Alloc>::_Vector_impl_data::_M_copy_data(const std::_Vector_base<_Tp, _Alloc>::_Vector_impl_data&) [with _Tp = std::vector<int>; _Alloc = std::allocator<std::vector<int> >]	16	static
/usr/include/c++/14.2.1/bits/stl_iterator.h:1067:7:__gnu_cxx::__normal_iterator<_Iterator, _Container>::__normal_iterator(const _Iterator&) [with _Iterator = std::vector<int>*; _Container = std::vector<std::vector<int> >]	16	static
/usr/include/c++/14.2.1/bits/stl_algobase.h:997:5:void std::__fill_a(_FIte, _FIte, const _Tp&) [with _FIte = __gnu_cxx::__normal_iterator<vector<int>*, vector<vector<int> > >; _Tp = vector<int>]	48	static
/usr/include/c++/14.2.1/bits/stl_uninitialized.h:312:5:_ForwardIterator std::uninitialized_fill_n(_ForwardIterator, _Size, const _Tp&) [with _ForwardIterator = vector<int>*; _Size = long unsigned int; _Tp = vector<int>]	64	static
/usr/include/c++/14.2.1/bits/stl_algobase.h:1140:5:_OutputIterator std::__fill_n_a(_OutputIterator, _Size, const _Tp&, random_access_iterator_tag) [with _OutputIterator = vector<int>*; _Size = long unsigned int; _Tp = vector<int>]	48	static
/usr/include/c++/14.2.1/bits/stl_uninitialized.h:696:5:_ForwardIterator std::__uninitialized_default_n(_ForwardIterator, _Size) [with _ForwardIterator = int*; _Size = long unsigned int]	48	static
/usr/include/c++/14.2.1/bits/new_allocator.h:156:7:void std::__new_allocator<_Tp>::deallocate(_Tp*, size_type) [with _Tp = int]	48	static
/usr/include/c++/14.2.1/bits/stl_vector.h:998:7:std::vector<_Tp, _Alloc>::size_type std::vector<_Tp, _Alloc>::max_size() const [with _Tp = int; _Alloc = std::allocator<int>]	32	static
/usr/include/c++/14.2.1/bits/stl_algobase.h:257:5:constexpr const _Tp& std::max(const _Tp&, const _Tp&) [with _Tp = long unsigned int]	16	static
/usr/include/c++/14.2.1/bits/stl_uninitialized.h:1139:5:_ForwardIterator std::__relocate_a(_InputIterator, _InputIterator, _ForwardIterator, _Allocator&) [with _InputIterator = int*; _ForwardIterator = int*; _Allocator = allocator<int>]	64	static
/usr/include/c++/14.2.1/bits/stl_iterator.h:1148:7:__gnu_cxx::__normal_iterator<_Iterator, _Container> __gnu_cxx::__normal_iterator<_Iterator, _Container>::operator-(difference_type) const [with _Iterator = int*; _Container = std::vector<int>]	64	static
/usr/include/c++/14.2.1/bit:371:5:constexpr int std::__bit_width(_Tp) [with _Tp = long unsigned int]	48	static
/usr/include/c++/14.2.1/bits/stl_algo.h:1863:5:void std::__partial_sort(_RandomAccessIterator, _RandomAccessIterator, _RandomAccessIterator, _Compare) [with _RandomAccessIterator = __gnu_cxx::__normal_iterator<int*, vector<int> >; _Compare = __gnu_cxx::__ops::_Iter_less_iter]	48	static
/usr/include/c++/14.2.1/bits/stl_algo.h:1851:5:_RandomAccessIterator std::__unguarded_partition_pivot(_RandomAccessIterator, _RandomAccessIterator, _Compare) [with _RandomAccessIterator = __gnu_cxx::__normal_iterator<int*, vector<int> >; _Compare = __gnu_cxx::__ops::_Iter_less_iter]	80	static
/usr/include/c++/14.2.1/bits/stl_algo.h:1770:5:void std::__insertion_sort(_RandomAccessIterator, _RandomAccessIterator, _Compare) [with _RandomAccessIterator = __gnu_cxx::__normal_iterator<int*, vector<int> >; _Compare = __gnu_cxx::__ops::_Iter_less_iter]	96	static
/usr/include/c++/14.2.1/bits/stl_algo.h:1794:5:void std::__unguarded_insertion_sort(_RandomAccessIterator, _RandomAccessIterator, _Compare) [with _RandomAccessIterator = __gnu_cxx::__normal_iterator<int*, vector<int> >; _Compare = __gnu_cxx::__ops::_Iter_less_iter]	64	static
/usr/include/c++/14.2.1/bits/cpp_type_traits.h:607:5:_Iterator std::__miter_base(_Iterator) [with _Iterator = __gnu_cxx::__normal_iterator<int*, vector<int> >]	16	static
/usr/include/c++/14.2.1/bits/stl_algobase.h:553:5:_OI std::__copy_move_a(_II, _II, _OI) [with bool _IsMove = true; _II = __gnu_cxx::__normal_iterator<int*, vector<int> >; _OI = __gnu_cxx::__normal_iterator<int*, vector<int> >]	64	static
/usr/include/c++/14.2.1/bits/stl_iterator_base_funcs.h:184:5:constexpr void std::__advance(_RandomAccessIterator&, _Distance, random_access_iterator_tag) [with _RandomAccessIterator = __gnu_cxx::__normal_iterator<int*, vector<int> >; _Distance = long int]	32	static
/usr/include/c++/14.2.1/bits/stl_vector.h:377:7:std::_Vector_base<_Tp, _Alloc>::pointer std::_Vector_base<_Tp, _Alloc>::_M_allocate(std::size_t) [with _Tp = std::vector<int>; _Alloc = std::allocator<std::vector<int> >]	48	static
/usr/include/c++/14.2.1/bits/new_allocator.h:156:7:void std::__new_allocator<_Tp>::deallocate(_Tp*, size_type) [with _Tp = std::pair<std::pair<int, int>, int>]	48	static
/usr/include/c++/14.2.1/bits/stl_construct.h:172:9:static void std::_Destroy_aux<true>::__destroy(_ForwardIterator, _ForwardIterator) [with _ForwardIterator = std::pair<std::pair<int, int>, int>*]	16	static
/usr/include/c++/14.2.1/bits/stl_pair.h:881:12:constexpr std::pair<_T1, _T2>::pair(_U1&&, _U2&&) [with _U1 = std::pair<int, int>; _U2 = int&; typename std::enable_if<(std::_PCC<true, _T1, _T2>::_MoveConstructiblePair<_U1, _U2>() && std::_PCC<true, _T1, _T2>::_ImplicitlyMoveConvertiblePair<_U1, _U2>()), bool>::type <anonymous> = true; _T1 = std::pair<int, int>; _T2 = int]	48	static
/usr/include/c++/14.2.1/bits/stl_vector.h:998:7:std::vector<_Tp, _Alloc>::size_type std::vector<_Tp, _Alloc>::max_size() const [with _Tp = std::pair<std::pair<int, int>, int>; _Alloc = std::allocator<std::pair<std::pair<int, int>, int> >]	32	static
/usr/include/c++/14.2.1/bits/stl_vector.h:992:7:std::vector<_Tp, _Alloc>::size_type std::vector<_Tp, _Alloc>::size() const [with _Tp = std::pair<std::pair<int, int>, int>; _Alloc = std::allocator<std::pair<std::pair<int, int>, int> >]	16	static
/usr/include/c++/14.2.1/bits/stl_uninitialized.h:1139:5:_ForwardIterator std::__relocate_a(_InputIterator, _InputIterator, _ForwardIterator, _Allocator&) [with _InputIterator = pair<pair<int, int>, int>*; _ForwardIterator = pair<pair<int, int>, int>*; _Allocator = allocator<pair<pair<int, int>, int> >]	64	static
/usr/include/c++/14.2.1/bits/move.h:51:5:constexpr _Tp* std::__addressof(_Tp&) [with _Tp = vector<int>]	16	static
/usr/include/c++/14.2.1/bits/stl_construct.h:146:5:constexpr void std::_Destroy(_Tp*) [with _Tp = vector<int>]	32	static
/usr/include/c++/14.2.1/bits/stl_uninitialized.h:292:9:static _ForwardIterator std::__uninitialized_fill_n<true>::__uninit_fill_n(_ForwardIterator, _Size, const _Tp&) [with _ForwardIterator = int*; _Size = long unsigned int; _Tp = int]	48	static
/usr/include/c++/14.2.1/bits/stl_algobase.h:978:5:void std::__fill_a1(__gnu_cxx::__normal_iterator<_Iterator, _Container>, __gnu_cxx::__normal_iterator<_Iterator, _Container>, const _Tp&) [with _Ite = vector<int>*; _Cont = vector<vector<int> >; _Tp = vector<int>]	64	static
/usr/include/c++/14.2.1/bits/stl_uninitialized.h:282:9:static _ForwardIterator std::__uninitialized_fill_n<_TrivialValueType>::__uninit_fill_n(_ForwardIterator, _Size, const _Tp&) [with _ForwardIterator = std::vector<int>*; _Size = long unsigned int; _Tp = std::vector<int>; bool _TrivialValueType = false]	48	static
/usr/include/c++/14.2.1/bits/stl_algobase.h:997:5:void std::__fill_a(_FIte, _FIte, const _Tp&) [with _FIte = vector<int>*; _Tp = vector<int>]	48	static
/usr/include/c++/14.2.1/bits/stl_uninitialized.h:660:9:static _ForwardIterator std::__uninitialized_default_n_1<true>::__uninit_default_n(_ForwardIterator, _Size) [with _ForwardIterator = int*; _Size = long unsigned int]	48	static
/usr/include/c++/14.2.1/bits/stl_vector.h:305:7:const std::_Vector_base<_Tp, _Alloc>::_Tp_alloc_type& std::_Vector_base<_Tp, _Alloc>::_M_get_Tp_allocator() const [with _Tp = int; _Alloc = std::allocator<int>]	16	static
/usr/include/c++/14.2.1/bits/new_allocator.h:126:7:_Tp* std::__new_allocator<_Tp>::allocate(size_type, const void*) [with _Tp = int]	64	static
/usr/include/c++/14.2.1/bits/stl_algobase.h:316:5:_Iterator std::__niter_base(_Iterator) [with _Iterator = int*]	16	static
/usr/include/c++/14.2.1/bits/stl_uninitialized.h:1112:5:std::__enable_if_t<((bool)std::__is_bitwise_relocatable<_Tp>::value), _Tp*> std::__relocate_a_1(_Tp*, _Tp*, _Tp*, allocator<_T2>&) [with _Tp = int; _Up = int]	64	static
/usr/include/c++/14.2.1/bit:201:5:constexpr int std::__countl_zero(_Tp) [with _Tp = long unsigned int]	16	static
/usr/include/c++/14.2.1/bits/stl_algo.h:1589:5:void std::__heap_select(_RandomAccessIterator, _RandomAccessIterator, _RandomAccessIterator, _Compare) [with _RandomAccessIterator = __gnu_cxx::__normal_iterator<int*, vector<int> >; _Compare = __gnu_cxx::__ops::_Iter_less_iter]	64	static
/usr/include/c++/14.2.1/bits/stl_heap.h:419:5:void std::__sort_heap(_RandomAccessIterator, _RandomAccessIterator, _Compare&) [with _RandomAccessIterator = __gnu_cxx::__normal_iterator<int*, vector<int> >; _Compare = __gnu_cxx::__ops::_Iter_less_iter]	48	static
/usr/include/c++/14.2.1/bits/stl_algo.h:85:5:void std::__move_median_to_first(_Iterator, _Iterator, _Iterator, _Iterator, _Compare) [with _Iterator = __gnu_cxx::__normal_iterator<int*, vector<int> >; _Compare = __gnu_cxx::__ops::_Iter_less_iter]	64	static
/usr/include/c++/14.2.1/bits/stl_algo.h:1829:5:_RandomAccessIterator std::__unguarded_partition(_RandomAccessIterator, _RandomAccessIterator, _RandomAccessIterator, _Compare) [with _RandomAccessIterator = __gnu_cxx::__normal_iterator<int*, vector<int> >; _Compare = __gnu_cxx::__ops::_Iter_less_iter]	48	static
/usr/include/c++/14.2.1/bits/predefined_ops.h:44:7:constexpr bool __gnu_cxx::__ops::_Iter_less_iter::operator()(_Iterator1, _Iterator2) const [with _Iterator1 = __gnu_cxx::__normal_iterator<int*, std::vector<int> >; _Iterator2 = __gnu_cxx::__normal_iterator<int*, std::vector<int> >]	64	static
/usr/include/c++/14.2.1/bits/stl_algobase.h:913:5:_BI2 std::move_backward(_BI1, _BI1, _BI2) [with _BI1 = __gnu_cxx::__normal_iterator<int*, vector<int> >; _BI2 = __gnu_cxx::__normal_iterator<int*, vector<int> >]	64	static
/usr/include/c++/14.2.1/bits/stl_algo.h:1750:5:void std::__unguarded_linear_insert(_RandomAccessIterator, _Compare) [with _RandomAccessIterator = __gnu_cxx::__normal_iterator<int*, vector<int> >; _Compare = __gnu_cxx::__ops::_Val_less_iter]	80	static
/usr/include/c++/14.2.1/bits/stl_iterator.h:1348:5:_Iterator std::__niter_base(__gnu_cxx::__normal_iterator<_Iterator, _Container>) [with _Iterator = int*; _Container = vector<int>]	32	static
/usr/include/c++/14.2.1/bits/stl_algobase.h:547:5:_OI std::__copy_move_a1(_II, _II, _OI) [with bool _IsMove = true; _II = int*; _OI = int*]	48	static
/usr/include/c++/14.2.1/bits/stl_algobase.h:346:5:_From std::__niter_wrap(_From, _To) [with _From = __gnu_cxx::__normal_iterator<int*, vector<int> >; _To = int*]	48	static
/usr/include/c++/14.2.1/bits/stl_iterator.h:1114:7:__gnu_cxx::__normal_iterator<_Iterator, _Container>& __gnu_cxx::__normal_iterator<_Iterator, _Container>::operator--() [with _Iterator = int*; _Container = std::vector<int>]	16	static
/usr/include/c++/14.2.1/bits/stl_iterator.h:1133:7:__gnu_cxx::__normal_iterator<_Iterator, _Container>& __gnu_cxx::__normal_iterator<_Iterator, _Container>::operator+=(difference_type) [with _Iterator = int*; _Container = std::vector<int>]	16	static
/usr/include/c++/14.2.1/bits/stl_vector.h:1926:7:static std::vector<_Tp, _Alloc>::size_type std::vector<_Tp, _Alloc>::_S_max_size(const _Tp_alloc_type&) [with _Tp = std::pair<std::pair<int, int>, int>; _Alloc = std::allocator<std::pair<std::pair<int, int>, int> >]	80	static
/usr/include/c++/14.2.1/bits/stl_vector.h:305:7:const std::_Vector_base<_Tp, _Alloc>::_Tp_alloc_type& std::_Vector_base<_Tp, _Alloc>::_M_get_Tp_allocator() const [with _Tp = std::pair<std::pair<int, int>, int>; _Alloc = std::allocator<std::pair<std::pair<int, int>, int> >]	16	static
/usr/include/c++/14.2.1/bits/new_allocator.h:126:7:_Tp* std::__new_allocator<_Tp>::allocate(size_type, const void*) [with _Tp = std::pair<std::pair<int, int>, int>]	64	static
/usr/include/c++/14.2.1/bits/stl_algobase.h:316:5:_Iterator std::__niter_base(_Iterator) [with _Iterator = pair<pair<int, int>, int>*]	16	static
/usr/include/c++/14.2.1/bits/stl_uninitialized.h:1089:5:_ForwardIterator std::__relocate_a_1(_InputIterator, _InputIterator, _ForwardIterator, _Allocator&) [with _InputIterator = pair<pair<int, int>, int>*; _ForwardIterator = pair<pair<int, int>, int>*; _Allocator = allocator<pair<pair<int, int>, int> >]	80	static
/usr/include/c++/14.2.1/bits/stl_algobase.h:1175:5:_OI std::fill_n(_OI, _Size, const _Tp&) [with _OI = int*; _Size = long unsigned int; _Tp = int]	48	static
/usr/include/c++/14.2.1/bits/stl_iterator.h:1153:7:const _Iterator& __gnu_cxx::__normal_iterator<_Iterator, _Container>::base() const [with _Iterator = std::vector<int>*; _Container = std::vector<std::vector<int> >]	16	static
/usr/include/c++/14.2.1/bits/stl_algobase.h:936:5:typename __gnu_cxx::__enable_if<(! std::__is_scalar<_Tp>::__value), void>::__type std::__fill_a1(_ForwardIterator, _ForwardIterator, const _Tp&) [with _ForwardIterator = vector<int>*; _Tp = vector<int>]	48	static
/usr/include/c++/14.2.1/bits/stl_uninitialized.h:261:5:_ForwardIterator std::__do_uninit_fill_n(_ForwardIterator, _Size, const _Tp&) [with _ForwardIterator = vector<int>*; _Size = long unsigned int; _Tp = vector<int>]	80	static
/usr/include/c++/14.2.1/bits/move.h:51:5:constexpr _Tp* std::__addressof(_Tp&) [with _Tp = int]	16	static
/usr/include/c++/14.2.1/bits/stl_construct.h:109:5:) [with _Tp = int; _Args = {}]	32	static
/usr/include/c++/14.2.1/bits/stl_heap.h:340:5:void std::__make_heap(_RandomAccessIterator, _RandomAccessIterator, _Compare&) [with _RandomAccessIterator = __gnu_cxx::__normal_iterator<int*, vector<int> >; _Compare = __gnu_cxx::__ops::_Iter_less_iter]	96	static
/usr/include/c++/14.2.1/bits/stl_iterator.h:1249:5:bool __gnu_cxx::operator<(const __normal_iterator<_Iterator, _Container>&, const __normal_iterator<_Iterator, _Container>&) [with _Iterator = int*; _Container = std::vector<int>]	48	static
/usr/include/c++/14.2.1/bits/stl_heap.h:254:5:void std::__pop_heap(_RandomAccessIterator, _RandomAccessIterator, _RandomAccessIterator, _Compare&) [with _RandomAccessIterator = __gnu_cxx::__normal_iterator<int*, vector<int> >; _Compare = __gnu_cxx::__ops::_Iter_less_iter]	80	static
/usr/include/c++/14.2.1/bits/stl_algobase.h:155:5:void std::iter_swap(_ForwardIterator1, _ForwardIterator2) [with _ForwardIterator1 = __gnu_cxx::__normal_iterator<int*, vector<int> >; _ForwardIterator2 = __gnu_cxx::__normal_iterator<int*, vector<int> >]	48	static
/usr/include/c++/14.2.1/bits/stl_algobase.h:823:5:_OI std::__copy_move_backward_a(_II, _II, _OI) [with bool _IsMove = true; _II = __gnu_cxx::__normal_iterator<int*, vector<int> >; _OI = __gnu_cxx::__normal_iterator<int*, vector<int> >]	64	static
/usr/include/c++/14.2.1/bits/predefined_ops.h:97:7:bool __gnu_cxx::__ops::_Val_less_iter::operator()(_Value&, _Iterator) const [with _Value = int; _Iterator = __gnu_cxx::__normal_iterator<int*, std::vector<int> >]	64	static
/usr/include/c++/14.2.1/bits/stl_algobase.h:512:5:_OI std::__copy_move_a2(_II, _II, _OI) [with bool _IsMove = true; _II = int*; _OI = int*]	48	static
/usr/include/c++/14.2.1/bits/new_allocator.h:126:7:_Tp* std::__new_allocator<_Tp>::allocate(size_type, const void*) [with _Tp = std::vector<int>]	64	static
/usr/include/c++/14.2.1/bits/move.h:51:5:constexpr _Tp* std::__addressof(_Tp&) [with _Tp = pair<pair<int, int>, int>]	16	static
/usr/include/c++/14.2.1/bits/stl_uninitialized.h:1067:5:void std::__relocate_object_a(_Tp*, _Up*, _Allocator&) [with _Tp = pair<pair<int, int>, int>; _Up = pair<pair<int, int>, int>; _Allocator = allocator<pair<pair<int, int>, int> >]	144	static
/usr/include/c++/14.2.1/bits/stl_algobase.h:1140:5:_OutputIterator std::__fill_n_a(_OutputIterator, _Size, const _Tp&, random_access_iterator_tag) [with _OutputIterator = int*; _Size = long unsigned int; _Tp = int]	48	static
/usr/include/c++/14.2.1/bits/move.h:51:5:constexpr _Tp* std::__addressof(_Tp&) [with _Tp = const vector<int>]	16	static
/usr/include/c++/14.2.1/bits/vector.tcc:210:5:std::vector<_Tp, _Alloc>& std::vector<_Tp, _Alloc>::operator=(const std::vector<_Tp, _Alloc>&) [with _Tp = int; _Alloc = std::allocator<int>]	176	static
/usr/include/c++/14.2.1/bits/stl_construct.h:109:5:) [with _Tp = vector<int>; _Args = {const vector<int, allocator<int> >&}]	64	static
/usr/include/c++/14.2.1/bits/stl_heap.h:224:5:void std::__adjust_heap(_RandomAccessIterator, _Distance, _Distance, _Tp, _Compare) [with _RandomAccessIterator = __gnu_cxx::__normal_iterator<int*, vector<int> >; _Distance = long int; _Tp = int; _Compare = __gnu_cxx::__ops::_Iter_less_iter]	112	static
/usr/include/c++/14.2.1/bits/move.h:214:5:std::_Require<std::__not_<std::__is_tuple_like<_Tp> >, std::is_move_constructible<_Tp>, std::is_move_assignable<_Tp> > std::swap(_Tp&, _Tp&) [with _Tp = int]	48	static
/usr/include/c++/14.2.1/bits/stl_algobase.h:795:5:_BI2 std::__copy_move_backward_a1(_BI1, _BI1, _BI2) [with bool _IsMove = true; _BI1 = int*; _BI2 = int*]	48	static
/usr/include/c++/14.2.1/bits/stl_algobase.h:448:2:static _Up* std::__copy_move<_IsMove, true, std::random_access_iterator_tag>::__copy_m(_Tp*, _Tp*, _Up*) [with _Tp = int; _Up = int; bool _IsMove = true]	64	static
/usr/include/c++/14.2.1/bits/move.h:127:5:constexpr typename std::remove_reference<_Tp>::type&& std::move(_Tp&&) [with _Tp = pair<pair<int, int>, int>&]	16	static
/usr/include/c++/14.2.1/bits/stl_algobase.h:997:5:void std::__fill_a(_FIte, _FIte, const _Tp&) [with _FIte = int*; _Tp = int]	48	static
/usr/include/c++/14.2.1/bits/stl_vector.h:1607:7:void std::vector<_Tp, _Alloc>::clear() [with _Tp = int; _Alloc = std::allocator<int>]	32	static
/usr/include/c++/14.2.1/bits/stl_vector.h:1078:7:std::vector<_Tp, _Alloc>::size_type std::vector<_Tp, _Alloc>::capacity() const [with _Tp = int; _Alloc = std::allocator<int>]	16	static
/usr/include/c++/14.2.1/bits/stl_vector.h:883:7:std::vector<_Tp, _Alloc>::const_iterator std::vector<_Tp, _Alloc>::begin() const [with _Tp = int; _Alloc = std::allocator<int>]	48	static
/usr/include/c++/14.2.1/bits/stl_vector.h:903:7:std::vector<_Tp, _Alloc>::const_iterator std::vector<_Tp, _Alloc>::end() const [with _Tp = int; _Alloc = std::allocator<int>]	48	static
/usr/include/c++/14.2.1/bits/stl_vector.h:1618:2:std::vector<_Tp, _Alloc>::pointer std::vector<_Tp, _Alloc>::_M_allocate_and_copy(size_type, _ForwardIterator, _ForwardIterator) [with _ForwardIterator = __gnu_cxx::__normal_iterator<const int*, std::vector<int> >; _Tp = int; _Alloc = std::allocator<int>]	80	static
/usr/include/c++/14.2.1/bits/stl_algobase.h:642:5:_OI std::copy(_II, _II, _OI) [with _II = __gnu_cxx::__normal_iterator<const int*, vector<int> >; _OI = __gnu_cxx::__normal_iterator<int*, vector<int> >]	64	static
/usr/include/c++/14.2.1/bits/stl_algobase.h:642:5:_OI std::copy(_II, _II, _OI) [with _II = int*; _OI = int*]	64	static
/usr/include/c++/14.2.1/bits/stl_uninitialized.h:366:5:_ForwardIterator std::__uninitialized_copy_a(_InputIterator, _InputIterator, _ForwardIterator, allocator<_Tp>&) [with _InputIterator = int*; _ForwardIterator = int*; _Tp = int]	48	static
/usr/include/c++/14.2.1/bits/move.h:70:5:constexpr _Tp&& std::forward(typename remove_reference<_Functor>::type&) [with _Tp = const vector<int>&]	16	static
/usr/include/c++/14.2.1/bits/stl_vector.h:601:7:std::vector<_Tp, _Alloc>::vector(const std::vector<_Tp, _Alloc>&) [with _Tp = int; _Alloc = std::allocator<int>]	128	static
/usr/include/c++/14.2.1/bits/move.h:127:5:constexpr typename std::remove_reference<_Tp>::type&& std::move(_Tp&&) [with _Tp = __gnu_cxx::__ops::_Iter_less_iter&]	16	static
/usr/include/c++/14.2.1/bits/stl_heap.h:135:5:void std::__push_heap(_RandomAccessIterator, _Distance, _Distance, _Tp, _Compare&) [with _RandomAccessIterator = __gnu_cxx::__normal_iterator<int*, vector<int> >; _Distance = long int; _Tp = int; _Compare = __gnu_cxx::__ops::_Iter_less_val]	112	static
/usr/include/c++/14.2.1/bits/stl_algobase.h:777:5:_BI2 std::__copy_move_backward_a2(_BI1, _BI1, _BI2) [with bool _IsMove = true; _BI1 = int*; _BI2 = int*]	48	static
/usr/include/c++/14.2.1/bits/stl_algobase.h:437:2:static void std::__copy_move<true, false, std::random_access_iterator_tag>::__assign_one(_Tp*, _Up*) [with _Tp = int; _Up = int]	32	static
/usr/include/c++/14.2.1/bits/move.h:70:5:constexpr _Tp&& std::forward(typename remove_reference<_Functor>::type&) [with _Tp = pair<pair<int, int>, int>]	16	static
/usr/include/c++/14.2.1/bits/stl_algobase.h:947:5:typename __gnu_cxx::__enable_if<std::__is_scalar<_Tp>::__value, void>::__type std::__fill_a1(_ForwardIterator, _ForwardIterator, const _Tp&) [with _ForwardIterator = int*; _Tp = int]	16	static
/usr/include/c++/14.2.1/bits/stl_uninitialized.h:366:5:_ForwardIterator std::__uninitialized_copy_a(_InputIterator, _InputIterator, _ForwardIterator, allocator<_Tp>&) [with _InputIterator = __gnu_cxx::__normal_iterator<const int*, vector<int> >; _ForwardIterator = int*; _Tp = int]	48	static
/usr/include/c++/14.2.1/bits/cpp_type_traits.h:607:5:_Iterator std::__miter_base(_Iterator) [with _Iterator = __gnu_cxx::__normal_iterator<const int*, vector<int> >]	16	static
/usr/include/c++/14.2.1/bits/stl_algobase.h:553:5:_OI std::__copy_move_a(_II, _II, _OI) [with bool _IsMove = false; _II = __gnu_cxx::__normal_iterator<const int*, vector<int> >; _OI = __gnu_cxx::__normal_iterator<int*, vector<int> >]	64	static
/usr/include/c++/14.2.1/bits/stl_construct.h:182:5:void std::_Destroy(_ForwardIterator, _ForwardIterator) [with _ForwardIterator = __gnu_cxx::__normal_iterator<int*, vector<int> >]	32	static
/usr/include/c++/14.2.1/bits/cpp_type_traits.h:607:5:_Iterator std::__miter_base(_Iterator) [with _Iterator = int*]	16	static
/usr/include/c++/14.2.1/bits/stl_algobase.h:553:5:_OI std::__copy_move_a(_II, _II, _OI) [with bool _IsMove = false; _II = int*; _OI = int*]	64	static
/usr/include/c++/14.2.1/bits/stl_uninitialized.h:163:5:_ForwardIterator std::uninitialized_copy(_InputIterator, _InputIterator, _ForwardIterator) [with _InputIterator = int*; _ForwardIterator = int*]	64	static
/usr/include/c++/14.2.1/bits/predefined_ops.h:68:7:bool __gnu_cxx::__ops::_Iter_less_val::operator()(_Iterator, _Value&) const [with _Iterator = __gnu_cxx::__normal_iterator<int*, std::vector<int> >; _Value = int]	48	static
/usr/include/c++/14.2.1/bits/stl_algobase.h:762:2:static _Up* std::__copy_move_backward<_IsMove, true, std::random_access_iterator_tag>::__copy_move_b(_Tp*, _Tp*, _Up*) [with _Tp = int; _Up = int; bool _IsMove = true]	64	static
/usr/include/c++/14.2.1/bits/stl_uninitialized.h:163:5:_ForwardIterator std::uninitialized_copy(_InputIterator, _InputIterator, _ForwardIterator) [with _InputIterator = __gnu_cxx::__normal_iterator<const int*, vector<int> >; _ForwardIterator = int*]	64	static
/usr/include/c++/14.2.1/bits/stl_iterator.h:1348:5:_Iterator std::__niter_base(__gnu_cxx::__normal_iterator<_Iterator, _Container>) [with _Iterator = const int*; _Container = vector<int>]	32	static
/usr/include/c++/14.2.1/bits/stl_algobase.h:547:5:_OI std::__copy_move_a1(_II, _II, _OI) [with bool _IsMove = false; _II = const int*; _OI = int*]	48	static
/usr/include/c++/14.2.1/bits/stl_construct.h:172:9:static void std::_Destroy_aux<true>::__destroy(_ForwardIterator, _ForwardIterator) [with _ForwardIterator = __gnu_cxx::__normal_iterator<int*, std::vector<int> >]	16	static
/usr/include/c++/14.2.1/bits/stl_algobase.h:547:5:_OI std::__copy_move_a1(_II, _II, _OI) [with bool _IsMove = false; _II = int*; _OI = int*]	48	static
/usr/include/c++/14.2.1/bits/stl_algobase.h:353:5:_Iterator std::__niter_wrap(const _Iterator&, _Iterator) [with _Iterator = int*]	16	static
/usr/include/c++/14.2.1/bits/stl_uninitialized.h:145:9:static _ForwardIterator std::__uninitialized_copy<true>::__uninit_copy(_InputIterator, _InputIterator, _ForwardIterator) [with _InputIterator = int*; _ForwardIterator = int*]	48	static
/usr/include/c++/14.2.1/bits/stl_uninitialized.h:145:9:static _ForwardIterator std::__uninitialized_copy<true>::__uninit_copy(_InputIterator, _InputIterator, _ForwardIterator) [with _InputIterator = __gnu_cxx::__normal_iterator<const int*, std::vector<int> >; _ForwardIterator = int*]	48	static
/usr/include/c++/14.2.1/bits/stl_algobase.h:512:5:_OI std::__copy_move_a2(_II, _II, _OI) [with bool _IsMove = false; _II = const int*; _OI = int*]	48	static
/usr/include/c++/14.2.1/bits/stl_algobase.h:512:5:_OI std::__copy_move_a2(_II, _II, _OI) [with bool _IsMove = false; _II = int*; _OI = int*]	48	static
/usr/include/c++/14.2.1/bits/stl_algobase.h:642:5:_OI std::copy(_II, _II, _OI) [with _II = __gnu_cxx::__normal_iterator<const int*, vector<int> >; _OI = int*]	64	static
/usr/include/c++/14.2.1/bits/stl_algobase.h:448:2:static _Up* std::__copy_move<_IsMove, true, std::random_access_iterator_tag>::__copy_m(_Tp*, _Tp*, _Up*) [with _Tp = const int; _Up = int; bool _IsMove = false]	64	static
/usr/include/c++/14.2.1/bits/stl_algobase.h:448:2:static _Up* std::__copy_move<_IsMove, true, std::random_access_iterator_tag>::__copy_m(_Tp*, _Tp*, _Up*) [with _Tp = int; _Up = int; bool _IsMove = false]	64	static
/usr/include/c++/14.2.1/bits/stl_algobase.h:553:5:_OI std::__copy_move_a(_II, _II, _OI) [with bool _IsMove = false; _II = __gnu_cxx::__normal_iterator<const int*, vector<int> >; _OI = int*]	64	static
/usr/include/c++/14.2.1/bits/stl_algobase.h:412:2:static void std::__copy_move<false, false, std::random_access_iterator_tag>::__assign_one(_Tp*, _Up*) [with _Tp = int; _Up = const int]	16	static
/usr/include/c++/14.2.1/bits/stl_algobase.h:412:2:static void std::__copy_move<false, false, std::random_access_iterator_tag>::__assign_one(_Tp*, _Up*) [with _Tp = int; _Up = int]	16	static
