/home/wheatley/coding-python/soldier.cpp:10:16:std::pair<int, int> operator%(std::pair<int, int>, std::pair<int, int>)	48	static
/home/wheatley/coding-python/soldier.cpp:13:16:std::pair<int, int> operator+(std::pair<int, int>, std::pair<int, int>)	32	static
/home/wheatley/coding-python/soldier.cpp:16:16:std::pair<int, int> operator-(std::pair<int, int>, std::pair<int, int>)	32	static
/home/wheatley/coding-python/soldier.cpp:19:6:void operator+=(std::pair<int, int>&, std::pair<int, int>)	32	static
/home/wheatley/coding-python/soldier.cpp:22:5:int main()	128	static
/usr/include/c++/14.2.1/bits/move.h:70:5:constexpr _Tp&& std::forward(typename remove_reference<_Functor>::type&) [with _Tp = int]	16	static
/usr/include/c++/14.2.1/bits/stl_pair.h:881:12:constexpr std::pair<_T1, _T2>::pair(_U1&&, _U2&&) [with _U1 = int; _U2 = int; typename std::enable_if<(std::_PCC<true, _T1, _T2>::_MoveConstructiblePair<_U1, _U2>() && std::_PCC<true, _T1, _T2>::_ImplicitlyMoveConvertiblePair<_U1, _U2>()), bool>::type <anonymous> = true; _T1 = int; _T2 = int]	48	static
/usr/include/c++/14.2.1/bits/stl_pair.h:1132:5:constexpr std::pair<typename std::__strip_reference_wrapper<typename std::decay<_Tp>::type>::__type, typename std::__strip_reference_wrapper<typename std::decay<_Tp2>::type>::__type> std::make_pair(_T1&&, _T2&&) [with _T1 = int; _T2 = int]	64	static
/usr/include/c++/14.2.1/bits/stl_pair.h:931:7:std::pair<_T1, _T2>& std::pair<_T1, _T2>::operator=(std::__conditional_t<((bool)std::__and_<std::is_move_assignable<_Tp>, std::is_move_assignable<_T2> >::value), std::pair<_T1, _T2>&&, std::__nonesuch&&>) [with _T1 = int; _T2 = int]	32	static
/usr/include/c++/14.2.1/bits/stl_algobase.h:257:5:constexpr const _Tp& std::max(const _Tp&, const _Tp&) [with _Tp = int]	16	static
/usr/include/c++/14.2.1/bits/stl_pair.h:1052:5:constexpr bool std::operator!=(const pair<_T1, _T2>&, const pair<_T1, _T2>&) [with _T1 = int; _T2 = int]	32	static
/usr/include/c++/14.2.1/bits/stl_pair.h:1033:5:constexpr bool std::operator==(const pair<_T1, _T2>&, const pair<_T1, _T2>&) [with _T1 = int; _T2 = int]	16	static
