/usr/include/c++/14.2.1/new:179:33:void* operator new(std::size_t, void*)	16	static
/usr/include/c++/14.2.1/new:185:13:void operator delete(void*, void*)	16	static
/usr/include/c++/14.2.1/bits/char_traits.h:343:7:static constexpr void std::char_traits<char>::assign(char_type&, const char_type&)	16	static
/usr/include/c++/14.2.1/bits/char_traits.h:385:7:static constexpr std::size_t std::char_traits<char>::length(const char_type*)	32	static
/usr/include/c++/14.2.1/bits/basic_string.h:4164:3:int std::__cxx11::stoi(const std::string&, std::size_t*, int)	48	static
/usr/include/c++/14.2.1/bits/stl_tree.h:169:5:std::_Rb_tree_header::_Rb_tree_header()	32	static
/usr/include/c++/14.2.1/bits/stl_tree.h:202:5:void std::_Rb_tree_header::_M_reset()	16	static
/usr/include/c++/14.2.1/bits/stl_tree.h:658:9:std::_Rb_tree<std::__cxx11::basic_string<char>, std::__cxx11::basic_string<char>, std::_Identity<std::__cxx11::basic_string<char> >, std::less<std::__cxx11::basic_string<char> >, std::allocator<std::__cxx11::basic_string<char> > >::_Rb_tree_impl<std::less<std::__cxx11::basic_string<char> >, true>::~_Rb_tree_impl()	48	static
/usr/include/c++/14.2.1/bits/stl_tree.h:926:7:std::_Rb_tree<_Key, _Val, _KeyOfValue, _Compare, _Alloc>::_Rb_tree() [with _Key = std::__cxx11::basic_string<char>; _Val = std::__cxx11::basic_string<char>; _KeyOfValue = std::_Identity<std::__cxx11::basic_string<char> >; _Compare = std::less<std::__cxx11::basic_string<char> >; _Alloc = std::allocator<std::__cxx11::basic_string<char> >]	32	static
/usr/include/c++/14.2.1/bits/stl_set.h:169:7:std::set<_Key, _Compare, _Alloc>::set() [with _Key = std::__cxx11::basic_string<char>; _Compare = std::less<std::__cxx11::basic_string<char> >; _Alloc = std::allocator<std::__cxx11::basic_string<char> >]	32	static
/usr/include/c++/14.2.1/bits/stl_set.h:283:7:std::set<_Key, _Compare, _Alloc>::~set() [with _Key = std::__cxx11::basic_string<char>; _Compare = std::less<std::__cxx11::basic_string<char> >; _Alloc = std::allocator<std::__cxx11::basic_string<char> >]	32	static
/usr/include/c++/14.2.1/bits/stl_vector.h:132:14:std::_Vector_base<char, std::allocator<char> >::_Vector_impl::~_Vector_impl()	48	static
/usr/include/c++/14.2.1/bits/stl_vector.h:314:7:std::_Vector_base<_Tp, _Alloc>::_Vector_base() [with _Tp = char; _Alloc = std::allocator<char>]	32	static
/usr/include/c++/14.2.1/bits/stl_vector.h:531:7:std::vector<_Tp, _Alloc>::vector() [with _Tp = char; _Alloc = std::allocator<char>]	32	static
/home/wheatley/coding-python/testingstring.cpp:8:5:int main()	800	static
/usr/include/c++/14.2.1/bits/char_traits.h:199:5:static constexpr std::size_t __gnu_cxx::char_traits<_CharT>::length(const char_type*) [with _CharT = char]	64	static
/usr/include/c++/14.2.1/ext/string_conversions.h:65:2:)::_Save_errno::_Save_errno() [with _TRet = long int; _Ret = int; _CharT = char; _Base = {int}]	32	static
/usr/include/c++/14.2.1/ext/string_conversions.h:66:2:)::_Save_errno::~_Save_errno() [with _TRet = long int; _Ret = int; _CharT = char; _Base = {int}]	32	static
/usr/include/c++/14.2.1/ext/string_conversions.h:75:4:)::_Range_chk::_S_chk(_TRet, std::true_type) [with _TRet = long int; _Ret = int; _CharT = char; _Base = {int}]	16	static
/usr/include/c++/14.2.1/ext/string_conversions.h:56:5:) [with _TRet = long int; _Ret = int; _CharT = char; _Base = {int}]	128	static
/usr/include/c++/14.2.1/bits/basic_string.h:186:14:std::__cxx11::basic_string<char>::_Alloc_hider::~_Alloc_hider()	48	static
/usr/include/c++/14.2.1/bits/basic_string.h:646:7:std::__cxx11::basic_string<_CharT, _Traits, _Alloc>::basic_string(const _CharT*, const _Alloc&) [with <template-parameter-2-1> = std::allocator<char>; _CharT = char; _Traits = std::char_traits<char>; _Alloc = std::allocator<char>]	80	static
/usr/include/c++/14.2.1/bits/stl_tree.h:665:4:std::_Rb_tree<_Key, _Val, _KeyOfValue, _Compare, _Alloc>::_Rb_tree_impl<_Key_compare, <anonymous> >::_Rb_tree_impl() [with _Key_compare = std::less<std::__cxx11::basic_string<char> >; bool <anonymous> = true; _Key = std::__cxx11::basic_string<char>; _Val = std::__cxx11::basic_string<char>; _KeyOfValue = std::_Identity<std::__cxx11::basic_string<char> >; _Compare = std::less<std::__cxx11::basic_string<char> >; _Alloc = std::allocator<std::__cxx11::basic_string<char> >]	48	static
/usr/include/c++/14.2.1/bits/stl_tree.h:981:7:std::_Rb_tree<_Key, _Val, _KeyOfValue, _Compare, _Alloc>::~_Rb_tree() [with _Key = std::__cxx11::basic_string<char>; _Val = std::__cxx11::basic_string<char>; _KeyOfValue = std::_Identity<std::__cxx11::basic_string<char> >; _Compare = std::less<std::__cxx11::basic_string<char> >; _Alloc = std::allocator<std::__cxx11::basic_string<char> >]	32	static
/usr/include/c++/14.2.1/bits/stl_set.h:511:7:std::pair<typename std::_Rb_tree<_Key, _Key, std::_Identity<_Tp>, _Compare, typename __gnu_cxx::__alloc_traits<_Alloc>::rebind<_Key>::other>::const_iterator, bool> std::set<_Key, _Compare, _Alloc>::insert(const value_type&) [with _Key = std::__cxx11::basic_string<char>; _Compare = std::less<std::__cxx11::basic_string<char> >; _Alloc = std::allocator<std::__cxx11::basic_string<char> >]	80	static
/usr/include/c++/14.2.1/bits/stl_vector.h:136:2:std::_Vector_base<_Tp, _Alloc>::_Vector_impl::_Vector_impl() [with _Tp = char; _Alloc = std::allocator<char>]	48	static
/usr/include/c++/14.2.1/bits/stl_vector.h:366:7:std::_Vector_base<_Tp, _Alloc>::~_Vector_base() [with _Tp = char; _Alloc = std::allocator<char>]	32	static
/usr/include/c++/14.2.1/bits/stl_vector.h:733:7:std::vector<_Tp, _Alloc>::~vector() [with _Tp = char; _Alloc = std::allocator<char>]	64	static
/usr/include/c++/14.2.1/bits/stl_vector.h:1283:7:void std::vector<_Tp, _Alloc>::push_back(const value_type&) [with _Tp = char; _Alloc = std::allocator<char>]	96	static
/usr/include/c++/14.2.1/bits/stl_vector.h:992:7:std::vector<_Tp, _Alloc>::size_type std::vector<_Tp, _Alloc>::size() const [with _Tp = char; _Alloc = std::allocator<char>]	16	static
/usr/include/c++/14.2.1/bits/stl_vector.h:873:7:std::vector<_Tp, _Alloc>::iterator std::vector<_Tp, _Alloc>::begin() [with _Tp = char; _Alloc = std::allocator<char>]	48	static
/usr/include/c++/14.2.1/bits/stl_vector.h:893:7:std::vector<_Tp, _Alloc>::iterator std::vector<_Tp, _Alloc>::end() [with _Tp = char; _Alloc = std::allocator<char>]	48	static
/usr/include/c++/14.2.1/bits/basic_string.h:765:9:std::__cxx11::basic_string<_CharT, _Traits, _Alloc>::basic_string(_InputIterator, _InputIterator, const _Alloc&) [with _InputIterator = __gnu_cxx::__normal_iterator<char*, std::vector<char> >; <template-parameter-2-2> = void; _CharT = char; _Traits = std::char_traits<char>; _Alloc = std::allocator<char>]	80	static
/usr/include/c++/14.2.1/bits/stl_set.h:796:7:std::set<_Key, _Compare, _Alloc>::iterator std::set<_Key, _Compare, _Alloc>::find(const key_type&) [with _Key = std::__cxx11::basic_string<char>; _Compare = std::less<std::__cxx11::basic_string<char> >; _Alloc = std::allocator<std::__cxx11::basic_string<char> >]	64	static
/usr/include/c++/14.2.1/bits/stl_set.h:355:7:std::set<_Key, _Compare, _Alloc>::iterator std::set<_Key, _Compare, _Alloc>::end() const [with _Key = std::__cxx11::basic_string<char>; _Compare = std::less<std::__cxx11::basic_string<char> >; _Alloc = std::allocator<std::__cxx11::basic_string<char> >]	32	static
/usr/include/c++/14.2.1/bits/stl_tree.h:397:7:bool std::operator!=(const _Rb_tree_const_iterator<__cxx11::basic_string<char> >::_Self&, const _Rb_tree_const_iterator<__cxx11::basic_string<char> >::_Self&)	16	static
/usr/include/c++/14.2.1/bits/stl_vector.h:1607:7:void std::vector<_Tp, _Alloc>::clear() [with _Tp = char; _Alloc = std::allocator<char>]	32	static
/usr/include/c++/14.2.1/bits/char_traits.h:136:7:static constexpr bool __gnu_cxx::char_traits<_CharT>::eq(const char_type&, const char_type&) [with _CharT = char]	16	static
/usr/include/c++/14.2.1/bits/new_allocator.h:104:7:std::__new_allocator<_Tp>::~__new_allocator() [with _Tp = char]	16	static
/usr/include/c++/14.2.1/bits/basic_string.tcc:239:13:std::__cxx11::basic_string<_CharT, _Traits, _Alloc>::_M_construct(_InIterator, _InIterator, std::forward_iterator_tag)::_Guard::_Guard(std::__cxx11::basic_string<_CharT, _Traits, _Alloc>*) [with _InIterator = const char*; _CharT = char; _Traits = std::char_traits<char>; _Alloc = std::allocator<char>]	16	static
/usr/include/c++/14.2.1/bits/basic_string.tcc:242:4:std::__cxx11::basic_string<_CharT, _Traits, _Alloc>::_M_construct(_InIterator, _InIterator, std::forward_iterator_tag)::_Guard::~_Guard() [with _InIterator = const char*; _CharT = char; _Traits = std::char_traits<char>; _Alloc = std::allocator<char>]	32	static
/usr/include/c++/14.2.1/bits/basic_string.tcc:221:7:void std::__cxx11::basic_string<_CharT, _Traits, _Alloc>::_M_construct(_InIterator, _InIterator, std::forward_iterator_tag) [with _FwdIterator = const char*; _CharT = char; _Traits = std::char_traits<char>; _Alloc = std::allocator<char>]	128	static
/usr/include/c++/14.2.1/bits/stl_tree.h:142:7:std::_Rb_tree_key_compare<_Key_compare>::_Rb_tree_key_compare() [with _Key_compare = std::less<std::__cxx11::basic_string<char> >]	16	static
/usr/include/c++/14.2.1/bits/new_allocator.h:104:7:std::__new_allocator<_Tp>::~__new_allocator() [with _Tp = std::_Rb_tree_node<std::__cxx11::basic_string<char> >]	16	static
/usr/include/c++/14.2.1/bits/stl_tree.h:1926:5:void std::_Rb_tree<_Key, _Val, _KeyOfValue, _Compare, _Alloc>::_M_erase(_Link_type) [with _Key = std::__cxx11::basic_string<char>; _Val = std::__cxx11::basic_string<char>; _KeyOfValue = std::_Identity<std::__cxx11::basic_string<char> >; _Compare = std::less<std::__cxx11::basic_string<char> >; _Alloc = std::allocator<std::__cxx11::basic_string<char> >]	48	static
/usr/include/c++/14.2.1/bits/stl_tree.h:736:7:std::_Rb_tree_node<_Val>* std::_Rb_tree<_Key, _Val, _KeyOfValue, _Compare, _Alloc>::_M_begin() [with _Key = std::__cxx11::basic_string<char>; _Val = std::__cxx11::basic_string<char>; _KeyOfValue = std::_Identity<std::__cxx11::basic_string<char> >; _Compare = std::less<std::__cxx11::basic_string<char> >; _Alloc = std::allocator<std::__cxx11::basic_string<char> >]	32	static
/usr/include/c++/14.2.1/bits/stl_tree.h:2158:5:std::pair<std::_Rb_tree_iterator<_Val>, bool> std::_Rb_tree<_Key, _Val, _KeyOfValue, _Compare, _Alloc>::_M_insert_unique(_Arg&&) [with _Arg = const std::__cxx11::basic_string<char>&; _Key = std::__cxx11::basic_string<char>; _Val = std::__cxx11::basic_string<char>; _KeyOfValue = std::_Identity<std::__cxx11::basic_string<char> >; _Compare = std::less<std::__cxx11::basic_string<char> >; _Alloc = std::allocator<std::__cxx11::basic_string<char> >]	112	static
/usr/include/c++/14.2.1/bits/stl_pair.h:881:12:constexpr std::pair<_T1, _T2>::pair(_U1&&, _U2&&) [with _U1 = std::_Rb_tree_iterator<std::__cxx11::basic_string<char> >&; _U2 = bool&; typename std::enable_if<(std::_PCC<true, _T1, _T2>::_MoveConstructiblePair<_U1, _U2>() && std::_PCC<true, _T1, _T2>::_ImplicitlyMoveConvertiblePair<_U1, _U2>()), bool>::type <anonymous> = true; _T1 = std::_Rb_tree_const_iterator<std::__cxx11::basic_string<char> >; _T2 = bool]	64	static
/usr/include/c++/14.2.1/bits/stl_vector.h:98:2:std::_Vector_base<_Tp, _Alloc>::_Vector_impl_data::_Vector_impl_data() [with _Tp = char; _Alloc = std::allocator<char>]	16	static
/usr/include/c++/14.2.1/bits/stl_vector.h:385:7:void std::_Vector_base<_Tp, _Alloc>::_M_deallocate(pointer, std::size_t) [with _Tp = char; _Alloc = std::allocator<char>]	80	static
/usr/include/c++/14.2.1/bits/stl_vector.h:300:7:std::_Vector_base<_Tp, _Alloc>::_Tp_alloc_type& std::_Vector_base<_Tp, _Alloc>::_M_get_Tp_allocator() [with _Tp = char; _Alloc = std::allocator<char>]	16	static
/usr/include/c++/14.2.1/bits/vector.tcc:607:2:)::_Guard::_Guard(std::vector<_Tp, _Alloc>::pointer, std::vector<_Tp, _Alloc>::size_type, std::vector<_Tp, _Alloc>::_Tp_alloc_type&) [with _Args = {const char&}; _Tp = char; _Alloc = std::allocator<char>]	16	static
/usr/include/c++/14.2.1/bits/vector.tcc:612:2:)::_Guard::~_Guard() [with _Args = {const char&}; _Tp = char; _Alloc = std::allocator<char>]	64	static
/usr/include/c++/14.2.1/bits/vector.tcc:581:7:) [with _Args = {const char&}; _Tp = char; _Alloc = std::allocator<char>]	192	static
/usr/include/c++/14.2.1/bits/stl_iterator.h:1067:7:__gnu_cxx::__normal_iterator<_Iterator, _Container>::__normal_iterator(const _Iterator&) [with _Iterator = char*; _Container = std::vector<char>]	16	static
/usr/include/c++/14.2.1/bits/basic_string.tcc:239:13:std::__cxx11::basic_string<_CharT, _Traits, _Alloc>::_M_construct(_InIterator, _InIterator, std::forward_iterator_tag)::_Guard::_Guard(std::__cxx11::basic_string<_CharT, _Traits, _Alloc>*) [with _InIterator = __gnu_cxx::__normal_iterator<char*, std::vector<char> >; _CharT = char; _Traits = std::char_traits<char>; _Alloc = std::allocator<char>]	16	static
/usr/include/c++/14.2.1/bits/basic_string.tcc:242:4:std::__cxx11::basic_string<_CharT, _Traits, _Alloc>::_M_construct(_InIterator, _InIterator, std::forward_iterator_tag)::_Guard::~_Guard() [with _InIterator = __gnu_cxx::__normal_iterator<char*, std::vector<char> >; _CharT = char; _Traits = std::char_traits<char>; _Alloc = std::allocator<char>]	32	static
/usr/include/c++/14.2.1/bits/basic_string.tcc:221:7:void std::__cxx11::basic_string<_CharT, _Traits, _Alloc>::_M_construct(_InIterator, _InIterator, std::forward_iterator_tag) [with _FwdIterator = __gnu_cxx::__normal_iterator<char*, std::vector<char> >; _CharT = char; _Traits = std::char_traits<char>; _Alloc = std::allocator<char>]	112	static
/usr/include/c++/14.2.1/bits/stl_tree.h:2525:5:std::_Rb_tree<_Key, _Val, _KeyOfValue, _Compare, _Alloc>::iterator std::_Rb_tree<_Key, _Val, _KeyOfValue, _Compare, _Alloc>::find(const _Key&) [with _Key = std::__cxx11::basic_string<char>; _Val = std::__cxx11::basic_string<char>; _KeyOfValue = std::_Identity<std::__cxx11::basic_string<char> >; _Compare = std::less<std::__cxx11::basic_string<char> >; _Alloc = std::allocator<std::__cxx11::basic_string<char> >]	80	static
/usr/include/c++/14.2.1/bits/stl_tree.h:346:7:std::_Rb_tree_const_iterator<_Tp>::_Rb_tree_const_iterator(const iterator&) [with _Tp = std::__cxx11::basic_string<char>]	16	static
/usr/include/c++/14.2.1/bits/stl_tree.h:1005:7:std::_Rb_tree<_Key, _Val, _KeyOfValue, _Compare, _Alloc>::const_iterator std::_Rb_tree<_Key, _Val, _KeyOfValue, _Compare, _Alloc>::end() const [with _Key = std::__cxx11::basic_string<char>; _Val = std::__cxx11::basic_string<char>; _KeyOfValue = std::_Identity<std::__cxx11::basic_string<char> >; _Compare = std::less<std::__cxx11::basic_string<char> >; _Alloc = std::allocator<std::__cxx11::basic_string<char> >]	48	static
/usr/include/c++/14.2.1/bits/stl_vector.h:1943:7:void std::vector<_Tp, _Alloc>::_M_erase_at_end(pointer) [with _Tp = char; _Alloc = std::allocator<char>]	64	static
/usr/include/c++/14.2.1/bits/stl_tree.h:785:7:static std::_Rb_tree_node<_Val>* std::_Rb_tree<_Key, _Val, _KeyOfValue, _Compare, _Alloc>::_S_right(_Base_ptr) [with _Key = std::__cxx11::basic_string<char>; _Val = std::__cxx11::basic_string<char>; _KeyOfValue = std::_Identity<std::__cxx11::basic_string<char> >; _Compare = std::less<std::__cxx11::basic_string<char> >; _Alloc = std::allocator<std::__cxx11::basic_string<char> >]	16	static
/usr/include/c++/14.2.1/bits/stl_tree.h:777:7:static std::_Rb_tree_node<_Val>* std::_Rb_tree<_Key, _Val, _KeyOfValue, _Compare, _Alloc>::_S_left(_Base_ptr) [with _Key = std::__cxx11::basic_string<char>; _Val = std::__cxx11::basic_string<char>; _KeyOfValue = std::_Identity<std::__cxx11::basic_string<char> >; _Compare = std::less<std::__cxx11::basic_string<char> >; _Alloc = std::allocator<std::__cxx11::basic_string<char> >]	16	static
/usr/include/c++/14.2.1/bits/stl_tree.h:627:7:void std::_Rb_tree<_Key, _Val, _KeyOfValue, _Compare, _Alloc>::_M_drop_node(_Link_type) [with _Key = std::__cxx11::basic_string<char>; _Val = std::__cxx11::basic_string<char>; _KeyOfValue = std::_Identity<std::__cxx11::basic_string<char> >; _Compare = std::less<std::__cxx11::basic_string<char> >; _Alloc = std::allocator<std::__cxx11::basic_string<char> >]	32	static
/usr/include/c++/14.2.1/bits/stl_tree.h:732:7:std::_Rb_tree_node<_Val>* std::_Rb_tree<_Key, _Val, _KeyOfValue, _Compare, _Alloc>::_M_mbegin() const [with _Key = std::__cxx11::basic_string<char>; _Val = std::__cxx11::basic_string<char>; _KeyOfValue = std::_Identity<std::__cxx11::basic_string<char> >; _Compare = std::less<std::__cxx11::basic_string<char> >; _Alloc = std::allocator<std::__cxx11::basic_string<char> >]	16	static
/usr/include/c++/14.2.1/bits/stl_tree.h:2104:5:std::pair<std::_Rb_tree_node_base*, std::_Rb_tree_node_base*> std::_Rb_tree<_Key, _Val, _KeyOfValue, _Compare, _Alloc>::_M_get_insert_unique_pos(const key_type&) [with _Key = std::__cxx11::basic_string<char>; _Val = std::__cxx11::basic_string<char>; _KeyOfValue = std::_Identity<std::__cxx11::basic_string<char> >; _Compare = std::less<std::__cxx11::basic_string<char> >; _Alloc = std::allocator<std::__cxx11::basic_string<char> >]	128	static
/usr/include/c++/14.2.1/bits/stl_function.h:1163:7:const _Tp& std::_Identity<_Tp>::operator()(const _Tp&) const [with _Tp = std::__cxx11::basic_string<char>]	16	static
/usr/include/c++/14.2.1/bits/stl_tree.h:521:2:std::_Rb_tree<_Key, _Val, _KeyOfValue, _Compare, _Alloc>::_Alloc_node::_Alloc_node(std::_Rb_tree<_Key, _Val, _KeyOfValue, _Compare, _Alloc>&) [with _Key = std::__cxx11::basic_string<char>; _Val = std::__cxx11::basic_string<char>; _KeyOfValue = std::_Identity<std::__cxx11::basic_string<char> >; _Compare = std::less<std::__cxx11::basic_string<char> >; _Alloc = std::allocator<std::__cxx11::basic_string<char> >]	16	static
/usr/include/c++/14.2.1/bits/move.h:70:5:constexpr _Tp&& std::forward(typename remove_reference<_Functor>::type&) [with _Tp = const __cxx11::basic_string<char>&]	16	static
/usr/include/c++/14.2.1/bits/stl_tree.h:1814:7:std::_Rb_tree<_Key, _Val, _KeyOfValue, _Compare, _Alloc>::iterator std::_Rb_tree<_Key, _Val, _KeyOfValue, _Compare, _Alloc>::_M_insert_(_Base_ptr, _Base_ptr, _Arg&&, _NodeGen&) [with _Arg = const std::__cxx11::basic_string<char>&; _NodeGen = std::_Rb_tree<std::__cxx11::basic_string<char>, std::__cxx11::basic_string<char>, std::_Identity<std::__cxx11::basic_string<char> >, std::less<std::__cxx11::basic_string<char> >, std::allocator<std::__cxx11::basic_string<char> > >::_Alloc_node; _Key = std::__cxx11::basic_string<char>; _Val = std::__cxx11::basic_string<char>; _KeyOfValue = std::_Identity<std::__cxx11::basic_string<char> >; _Compare = std::less<std::__cxx11::basic_string<char> >; _Alloc = std::allocator<std::__cxx11::basic_string<char> >]	112	static
/usr/include/c++/14.2.1/bits/stl_pair.h:881:12:constexpr std::pair<_T1, _T2>::pair(_U1&&, _U2&&) [with _U1 = std::_Rb_tree_iterator<std::__cxx11::basic_string<char> >; _U2 = bool; typename std::enable_if<(std::_PCC<true, _T1, _T2>::_MoveConstructiblePair<_U1, _U2>() && std::_PCC<true, _T1, _T2>::_ImplicitlyMoveConvertiblePair<_U1, _U2>()), bool>::type <anonymous> = true; _T1 = std::_Rb_tree_iterator<std::__cxx11::basic_string<char> >; _T2 = bool]	48	static
/usr/include/c++/14.2.1/bits/stl_tree.h:269:7:std::_Rb_tree_iterator<_Tp>::_Rb_tree_iterator(_Base_ptr) [with _Tp = std::__cxx11::basic_string<char>]	16	static
/usr/include/c++/14.2.1/bits/move.h:70:5:constexpr _Tp&& std::forward(typename remove_reference<_Functor>::type&) [with _Tp = _Rb_tree_iterator<__cxx11::basic_string<char> >&]	16	static
/usr/include/c++/14.2.1/bits/move.h:70:5:constexpr _Tp&& std::forward(typename remove_reference<_Functor>::type&) [with _Tp = bool&]	16	static
/usr/include/c++/14.2.1/bits/stl_construct.h:182:5:void std::_Destroy(_ForwardIterator, _ForwardIterator) [with _ForwardIterator = char*]	32	static
/usr/include/c++/14.2.1/bits/move.h:70:5:constexpr _Tp&& std::forward(typename remove_reference<_Functor>::type&) [with _Tp = const char&]	16	static
/usr/include/c++/14.2.1/bits/stl_vector.h:1906:7:std::vector<_Tp, _Alloc>::size_type std::vector<_Tp, _Alloc>::_M_check_len(size_type, const char*) const [with _Tp = char; _Alloc = std::allocator<char>]	96	static
/usr/include/c++/14.2.1/bits/stl_iterator.h:1325:5:typename __gnu_cxx::__normal_iterator<_Iterator, _Container>::difference_type __gnu_cxx::operator-(const __normal_iterator<_Iterator, _Container>&, const __normal_iterator<_Iterator, _Container>&) [with _Iterator = char*; _Container = std::vector<char>]	48	static
/usr/include/c++/14.2.1/bits/stl_vector.h:377:7:std::_Vector_base<_Tp, _Alloc>::pointer std::_Vector_base<_Tp, _Alloc>::_M_allocate(std::size_t) [with _Tp = char; _Alloc = std::allocator<char>]	48	static
/usr/include/c++/14.2.1/bits/ptr_traits.h:205:5:constexpr _Tp* std::__to_address(_Tp*) [with _Tp = char]	16	static
/usr/include/c++/14.2.1/bits/stl_vector.h:504:7:static std::vector<_Tp, _Alloc>::pointer std::vector<_Tp, _Alloc>::_S_relocate(pointer, pointer, pointer, _Tp_alloc_type&) [with _Tp = char; _Alloc = std::allocator<char>]	48	static
/usr/include/c++/14.2.1/bits/basic_string.h:463:9:static void std::__cxx11::basic_string<_CharT, _Traits, _Alloc>::_S_copy_chars(_CharT*, _Iterator, _Iterator) [with _Iterator = __gnu_cxx::__normal_iterator<char*, std::vector<char> >; _CharT = char; _Traits = std::char_traits<char>; _Alloc = std::allocator<char>]	48	static
/usr/include/c++/14.2.1/bits/stl_tree.h:747:7:std::_Rb_tree_node_base* std::_Rb_tree<_Key, _Val, _KeyOfValue, _Compare, _Alloc>::_M_end() [with _Key = std::__cxx11::basic_string<char>; _Val = std::__cxx11::basic_string<char>; _KeyOfValue = std::_Identity<std::__cxx11::basic_string<char> >; _Compare = std::less<std::__cxx11::basic_string<char> >; _Alloc = std::allocator<std::__cxx11::basic_string<char> >]	16	static
/usr/include/c++/14.2.1/bits/stl_tree.h:1943:5:std::_Rb_tree<_Key, _Val, _KeyOfValue, _Compare, _Alloc>::iterator std::_Rb_tree<_Key, _Val, _KeyOfValue, _Compare, _Alloc>::_M_lower_bound(_Link_type, _Base_ptr, const _Key&) [with _Key = std::__cxx11::basic_string<char>; _Val = std::__cxx11::basic_string<char>; _KeyOfValue = std::_Identity<std::__cxx11::basic_string<char> >; _Compare = std::less<std::__cxx11::basic_string<char> >; _Alloc = std::allocator<std::__cxx11::basic_string<char> >]	80	static
/usr/include/c++/14.2.1/bits/stl_tree.h:1001:7:std::_Rb_tree<_Key, _Val, _KeyOfValue, _Compare, _Alloc>::iterator std::_Rb_tree<_Key, _Val, _KeyOfValue, _Compare, _Alloc>::end() [with _Key = std::__cxx11::basic_string<char>; _Val = std::__cxx11::basic_string<char>; _KeyOfValue = std::_Identity<std::__cxx11::basic_string<char> >; _Compare = std::less<std::__cxx11::basic_string<char> >; _Alloc = std::allocator<std::__cxx11::basic_string<char> >]	48	static
/usr/include/c++/14.2.1/bits/stl_tree.h:311:7:bool std::operator==(const _Rb_tree_iterator<__cxx11::basic_string<char> >::_Self&, const _Rb_tree_iterator<__cxx11::basic_string<char> >::_Self&)	16	static
/usr/include/c++/14.2.1/bits/stl_tree.h:793:7:static const _Key& std::_Rb_tree<_Key, _Val, _KeyOfValue, _Compare, _Alloc>::_S_key(_Const_Base_ptr) [with _Key = std::__cxx11::basic_string<char>; _Val = std::__cxx11::basic_string<char>; _KeyOfValue = std::_Identity<std::__cxx11::basic_string<char> >; _Compare = std::less<std::__cxx11::basic_string<char> >; _Alloc = std::allocator<std::__cxx11::basic_string<char> >]	32	static
/usr/include/c++/14.2.1/bits/stl_function.h:404:7:constexpr bool std::less<_Tp>::operator()(const _Tp&, const _Tp&) const [with _Tp = std::__cxx11::basic_string<char>]	48	static
/usr/include/c++/14.2.1/bits/stl_tree.h:343:7:std::_Rb_tree_const_iterator<_Tp>::_Rb_tree_const_iterator(_Base_ptr) [with _Tp = std::__cxx11::basic_string<char>]	16	static
/usr/include/c++/14.2.1/bits/stl_tree.h:616:7:void std::_Rb_tree<_Key, _Val, _KeyOfValue, _Compare, _Alloc>::_M_destroy_node(_Link_type) [with _Key = std::__cxx11::basic_string<char>; _Val = std::__cxx11::basic_string<char>; _KeyOfValue = std::_Identity<std::__cxx11::basic_string<char> >; _Compare = std::less<std::__cxx11::basic_string<char> >; _Alloc = std::allocator<std::__cxx11::basic_string<char> >]	80	static
/usr/include/c++/14.2.1/bits/stl_tree.h:562:7:void std::_Rb_tree<_Key, _Val, _KeyOfValue, _Compare, _Alloc>::_M_put_node(_Link_type) [with _Key = std::__cxx11::basic_string<char>; _Val = std::__cxx11::basic_string<char>; _KeyOfValue = std::_Identity<std::__cxx11::basic_string<char> >; _Compare = std::less<std::__cxx11::basic_string<char> >; _Alloc = std::allocator<std::__cxx11::basic_string<char> >]	64	static
/usr/include/c++/14.2.1/bits/stl_tree.h:755:7:static const _Key& std::_Rb_tree<_Key, _Val, _KeyOfValue, _Compare, _Alloc>::_S_key(_Const_Link_type) [with _Key = std::__cxx11::basic_string<char>; _Val = std::__cxx11::basic_string<char>; _KeyOfValue = std::_Identity<std::__cxx11::basic_string<char> >; _Compare = std::less<std::__cxx11::basic_string<char> >; _Alloc = std::allocator<std::__cxx11::basic_string<char> >]	48	static
/usr/include/c++/14.2.1/bits/stl_tree.h:993:7:std::_Rb_tree<_Key, _Val, _KeyOfValue, _Compare, _Alloc>::iterator std::_Rb_tree<_Key, _Val, _KeyOfValue, _Compare, _Alloc>::begin() [with _Key = std::__cxx11::basic_string<char>; _Val = std::__cxx11::basic_string<char>; _KeyOfValue = std::_Identity<std::__cxx11::basic_string<char> >; _Compare = std::less<std::__cxx11::basic_string<char> >; _Alloc = std::allocator<std::__cxx11::basic_string<char> >]	48	static
/usr/include/c++/14.2.1/bits/stl_pair.h:881:12:constexpr std::pair<_T1, _T2>::pair(_U1&&, _U2&&) [with _U1 = std::_Rb_tree_node<std::__cxx11::basic_string<char> >*&; _U2 = std::_Rb_tree_node_base*&; typename std::enable_if<(std::_PCC<true, _T1, _T2>::_MoveConstructiblePair<_U1, _U2>() && std::_PCC<true, _T1, _T2>::_ImplicitlyMoveConvertiblePair<_U1, _U2>()), bool>::type <anonymous> = true; _T1 = std::_Rb_tree_node_base*; _T2 = std::_Rb_tree_node_base*]	48	static
/usr/include/c++/14.2.1/bits/stl_tree.h:296:7:std::_Rb_tree_iterator<_Tp>::_Self& std::_Rb_tree_iterator<_Tp>::operator--() [with _Tp = std::__cxx11::basic_string<char>]	32	static
/usr/include/c++/14.2.1/bits/stl_pair.h:752:17:constexpr std::pair<_T1, _T2>::pair(const _T1&, const _T2&) [with _U1 = std::_Rb_tree_node_base*; _U2 = std::_Rb_tree_node_base*; typename std::enable_if<(std::_PCC<true, _T1, _T2>::_ConstructiblePair<_U1, _U2>() && std::_PCC<true, _T1, _T2>::_ImplicitlyConvertiblePair<_U1, _U2>()), bool>::type <anonymous> = true; _T1 = std::_Rb_tree_node_base*; _T2 = std::_Rb_tree_node_base*]	16	static
/usr/include/c++/14.2.1/bits/stl_tree.h:526:4:std::_Rb_tree_node<_Val>* std::_Rb_tree<_Key, _Val, _KeyOfValue, _Compare, _Alloc>::_Alloc_node::operator()(_Arg&&) const [with _Arg = const std::__cxx11::basic_string<char>&; _Key = std::__cxx11::basic_string<char>; _Val = std::__cxx11::basic_string<char>; _KeyOfValue = std::_Identity<std::__cxx11::basic_string<char> >; _Compare = std::less<std::__cxx11::basic_string<char> >; _Alloc = std::allocator<std::__cxx11::basic_string<char> >]	48	static
/usr/include/c++/14.2.1/bits/move.h:70:5:constexpr _Tp&& std::forward(typename remove_reference<_Functor>::type&) [with _Tp = _Rb_tree_iterator<__cxx11::basic_string<char> >]	16	static
/usr/include/c++/14.2.1/bits/move.h:70:5:constexpr _Tp&& std::forward(typename remove_reference<_Functor>::type&) [with _Tp = bool]	16	static
/usr/include/c++/14.2.1/bits/new_allocator.h:156:7:void std::__new_allocator<_Tp>::deallocate(_Tp*, size_type) [with _Tp = char]	48	static
/usr/include/c++/14.2.1/bits/stl_construct.h:172:9:static void std::_Destroy_aux<true>::__destroy(_ForwardIterator, _ForwardIterator) [with _ForwardIterator = char*]	16	static
/usr/include/c++/14.2.1/bits/stl_vector.h:998:7:std::vector<_Tp, _Alloc>::size_type std::vector<_Tp, _Alloc>::max_size() const [with _Tp = char; _Alloc = std::allocator<char>]	32	static
/usr/include/c++/14.2.1/bits/stl_algobase.h:257:5:constexpr const _Tp& std::max(const _Tp&, const _Tp&) [with _Tp = long unsigned int]	16	static
/usr/include/c++/14.2.1/bits/stl_iterator.h:1153:7:const _Iterator& __gnu_cxx::__normal_iterator<_Iterator, _Container>::base() const [with _Iterator = char*; _Container = std::vector<char>]	16	static
/usr/include/c++/14.2.1/bits/stl_uninitialized.h:1139:5:_ForwardIterator std::__relocate_a(_InputIterator, _InputIterator, _ForwardIterator, _Allocator&) [with _InputIterator = char*; _ForwardIterator = char*; _Allocator = allocator<char>]	64	static
/usr/include/c++/14.2.1/bits/stl_iterator.h:1232:5:bool __gnu_cxx::operator!=(const __normal_iterator<_Iterator, _Container>&, const __normal_iterator<_Iterator, _Container>&) [with _Iterator = char*; _Container = std::vector<char>]	48	static
/usr/include/c++/14.2.1/bits/stl_iterator.h:1100:7:__gnu_cxx::__normal_iterator<_Iterator, _Container>& __gnu_cxx::__normal_iterator<_Iterator, _Container>::operator++() [with _Iterator = char*; _Container = std::vector<char>]	16	static
/usr/include/c++/14.2.1/bits/stl_iterator.h:1090:7:__gnu_cxx::__normal_iterator<_Iterator, _Container>::reference __gnu_cxx::__normal_iterator<_Iterator, _Container>::operator*() const [with _Iterator = char*; _Container = std::vector<char>]	16	static
/usr/include/c++/14.2.1/bits/basic_string.h:3874:5:bool std::operator<(const __cxx11::basic_string<_CharT, _Traits, _Allocator>&, const __cxx11::basic_string<_CharT, _Traits, _Allocator>&) [with _CharT = char; _Traits = char_traits<char>; _Alloc = allocator<char>]	32	static
/usr/include/c++/14.2.1/bits/stl_tree.h:545:7:std::_Rb_tree<_Key, _Val, _KeyOfValue, _Compare, _Alloc>::_Node_allocator& std::_Rb_tree<_Key, _Val, _KeyOfValue, _Compare, _Alloc>::_M_get_Node_allocator() [with _Key = std::__cxx11::basic_string<char>; _Val = std::__cxx11::basic_string<char>; _KeyOfValue = std::_Identity<std::__cxx11::basic_string<char> >; _Compare = std::less<std::__cxx11::basic_string<char> >; _Alloc = std::allocator<std::__cxx11::basic_string<char> >]	16	static
/usr/include/c++/14.2.1/bits/stl_tree.h:230:7:_Val* std::_Rb_tree_node<_Val>::_M_valptr() [with _Val = std::__cxx11::basic_string<char>]	32	static
/usr/include/c++/14.2.1/bits/stl_tree.h:234:7:const _Val* std::_Rb_tree_node<_Val>::_M_valptr() const [with _Val = std::__cxx11::basic_string<char>]	32	static
/usr/include/c++/14.2.1/bits/move.h:70:5:constexpr _Tp&& std::forward(typename remove_reference<_Functor>::type&) [with _Tp = _Rb_tree_node<__cxx11::basic_string<char> >*&]	16	static
/usr/include/c++/14.2.1/bits/move.h:70:5:constexpr _Tp&& std::forward(typename remove_reference<_Functor>::type&) [with _Tp = _Rb_tree_node_base*&]	16	static
/usr/include/c++/14.2.1/bits/stl_tree.h:607:2:) [with _Args = {const std::__cxx11::basic_string<char, std::char_traits<char>, std::allocator<char> >&}; _Key = std::__cxx11::basic_string<char>; _Val = std::__cxx11::basic_string<char>; _KeyOfValue = std::_Identity<std::__cxx11::basic_string<char> >; _Compare = std::less<std::__cxx11::basic_string<char> >; _Alloc = std::allocator<std::__cxx11::basic_string<char> >]	48	static
/usr/include/c++/14.2.1/bits/stl_vector.h:1926:7:static std::vector<_Tp, _Alloc>::size_type std::vector<_Tp, _Alloc>::_S_max_size(const _Tp_alloc_type&) [with _Tp = char; _Alloc = std::allocator<char>]	80	static
/usr/include/c++/14.2.1/bits/stl_vector.h:305:7:const std::_Vector_base<_Tp, _Alloc>::_Tp_alloc_type& std::_Vector_base<_Tp, _Alloc>::_M_get_Tp_allocator() const [with _Tp = char; _Alloc = std::allocator<char>]	16	static
/usr/include/c++/14.2.1/bits/new_allocator.h:126:7:_Tp* std::__new_allocator<_Tp>::allocate(size_type, const void*) [with _Tp = char]	64	static
/usr/include/c++/14.2.1/bits/stl_algobase.h:316:5:_Iterator std::__niter_base(_Iterator) [with _Iterator = char*]	16	static
/usr/include/c++/14.2.1/bits/stl_uninitialized.h:1112:5:std::__enable_if_t<((bool)std::__is_bitwise_relocatable<_Tp>::value), _Tp*> std::__relocate_a_1(_Tp*, _Tp*, _Tp*, allocator<_T2>&) [with _Tp = char; _Up = char]	64	static
/usr/include/c++/14.2.1/bits/stl_algobase.h:233:5:constexpr const _Tp& std::min(const _Tp&, const _Tp&) [with _Tp = long unsigned int]	16	static
/usr/include/c++/14.2.1/ext/aligned_buffer.h:72:7:_Tp* __gnu_cxx::__aligned_membuf<_Tp>::_M_ptr() [with _Tp = std::__cxx11::basic_string<char>]	32	static
/usr/include/c++/14.2.1/bits/new_allocator.h:156:7:void std::__new_allocator<_Tp>::deallocate(_Tp*, size_type) [with _Tp = std::_Rb_tree_node<std::__cxx11::basic_string<char> >]	48	static
/usr/include/c++/14.2.1/ext/aligned_buffer.h:76:7:const _Tp* __gnu_cxx::__aligned_membuf<_Tp>::_M_ptr() const [with _Tp = std::__cxx11::basic_string<char>]	32	static
/usr/include/c++/14.2.1/bits/stl_tree.h:558:7:std::_Rb_tree_node<_Val>* std::_Rb_tree<_Key, _Val, _KeyOfValue, _Compare, _Alloc>::_M_get_node() [with _Key = std::__cxx11::basic_string<char>; _Val = std::__cxx11::basic_string<char>; _KeyOfValue = std::_Identity<std::__cxx11::basic_string<char> >; _Compare = std::less<std::__cxx11::basic_string<char> >; _Alloc = std::allocator<std::__cxx11::basic_string<char> >]	48	static
/usr/include/c++/14.2.1/bits/stl_tree.h:588:2:) [with _Args = {const std::__cxx11::basic_string<char, std::char_traits<char>, std::allocator<char> >&}; _Key = std::__cxx11::basic_string<char>; _Val = std::__cxx11::basic_string<char>; _KeyOfValue = std::_Identity<std::__cxx11::basic_string<char> >; _Compare = std::less<std::__cxx11::basic_string<char> >; _Alloc = std::allocator<std::__cxx11::basic_string<char> >]	128	static
/usr/include/c++/14.2.1/ext/aligned_buffer.h:64:7:void* __gnu_cxx::__aligned_membuf<_Tp>::_M_addr() [with _Tp = std::__cxx11::basic_string<char>]	16	static
/usr/include/c++/14.2.1/ext/aligned_buffer.h:68:7:const void* __gnu_cxx::__aligned_membuf<_Tp>::_M_addr() const [with _Tp = std::__cxx11::basic_string<char>]	16	static
/usr/include/c++/14.2.1/bits/new_allocator.h:126:7:_Tp* std::__new_allocator<_Tp>::allocate(size_type, const void*) [with _Tp = std::_Rb_tree_node<std::__cxx11::basic_string<char> >]	64	static
